15:24:57 **** Incremental Build of configuration Debug for project cpu1_app ****
make pre-build main-build 
a9-linaro-pre-build-step
 
Building file: ../src/main.cc
Invoking: ARM v7 g++ compiler
arm-none-eabi-g++ -D_POSIX_SOURCE -Wall -O2 -g3 -I/opt/Xilinx/Projects/visual_equalizer/visual_equalizer.sdk/OpenCV/include -I"/opt/Xilinx/Projects/visual_equalizer/visual_equalizer.sdk/shared" -c -fmessage-length=0 -MT"src/main.o" -mcpu=cortex-a9 -mfpu=vfpv3 -mfloat-abi=hard -I../../cpu1_app_bsp/ps7_cortexa9_1/include -MMD -MP -MF"src/main.d" -MT"src/main.o" -o "src/main.o" "../src/main.cc"
../src/main.cc: In function ‘int main()’:
../src/main.cc:108:89: error: no matching function for call to ‘getroi(display_mat&, int, int)’
      fft_rec_mat& rec = getroi( framebuffs[ each_frame ], 0, each_rec*VGA_FFT_REC_WIDTH );
                                                                                         ^
../src/main.cc:108:89: note: candidate is:
In file included from ../src/main.cc:11:0:
/opt/Xilinx/Projects/visual_equalizer/visual_equalizer.sdk/shared/mat.h:62:36: note: template<class TYPE_, int ROWS0_, int COLS0_, int ROWS1_, int COLS1_, int STRIDE_> la::mat<TYPE_, ROWS1_, COLS1_, STRIDE_>& la::getroi(la::mat<TYPE_, ROWS0_, COLS0_, STRIDE_>&, int, int)
  mat<TYPE_,ROWS1_,COLS1_,STRIDE_>& getroi( mat<TYPE_,ROWS0_,COLS0_,STRIDE_>& mat0, int row, int col )
                                    ^
/opt/Xilinx/Projects/visual_equalizer/visual_equalizer.sdk/shared/mat.h:62:36: note:   template argument deduction/substitution failed:
../src/main.cc:108:89: note:   couldn't deduce template parameter ‘ROWS1_’
      fft_rec_mat& rec = getroi( framebuffs[ each_frame ], 0, each_rec*VGA_FFT_REC_WIDTH );
                                                                                         ^
../src/main.cc:108:19: warning: unused variable ‘rec’ [-Wunused-variable]
      fft_rec_mat& rec = getroi( framebuffs[ each_frame ], 0, each_rec*VGA_FFT_REC_WIDTH );
                   ^
make: *** [src/main.o] Error 1
src/subdir.mk:42: recipe for target 'src/main.o' failed
15:27:54 **** Auto Build of configuration Debug for project cpu1_app ****
make pre-build main-build 
a9-linaro-pre-build-step
 
Building file: ../src/main.cc
Invoking: ARM v7 g++ compiler
arm-none-eabi-g++ -D_POSIX_SOURCE -Wall -O2 -g3 -I/opt/Xilinx/Projects/visual_equalizer/visual_equalizer.sdk/OpenCV/include -I"/opt/Xilinx/Projects/visual_equalizer/visual_equalizer.sdk/shared" -c -fmessage-length=0 -MT"src/main.o" -mcpu=cortex-a9 -mfpu=vfpv3 -mfloat-abi=hard -I../../cpu1_app_bsp/ps7_cortexa9_1/include -MMD -MP -MF"src/main.d" -MT"src/main.o" -o "src/main.o" "../src/main.cc"
In file included from ../src/main.cc:11:0:
/opt/Xilinx/Projects/visual_equalizer/visual_equalizer.sdk/shared/mat.h:62:12: error: ‘ROWS1_’ was not declared in this scope
  mat<TYPE_,ROWS1_,COLS1_,STRIDE_>& getroi( mat<TYPE_,ROWS0_,COLS0_,STRIDE_>& mat0, int row, int col )
            ^
/opt/Xilinx/Projects/visual_equalizer/visual_equalizer.sdk/shared/mat.h:62:19: error: ‘COLS1_’ was not declared in this scope
  mat<TYPE_,ROWS1_,COLS1_,STRIDE_>& getroi( mat<TYPE_,ROWS0_,COLS0_,STRIDE_>& mat0, int row, int col )
                   ^
/opt/Xilinx/Projects/visual_equalizer/visual_equalizer.sdk/shared/mat.h:62:33: error: template argument 2 is invalid
  mat<TYPE_,ROWS1_,COLS1_,STRIDE_>& getroi( mat<TYPE_,ROWS0_,COLS0_,STRIDE_>& mat0, int row, int col )
                                 ^
/opt/Xilinx/Projects/visual_equalizer/visual_equalizer.sdk/shared/mat.h:62:33: error: template argument 3 is invalid
/opt/Xilinx/Projects/visual_equalizer/visual_equalizer.sdk/shared/mat.h:62:54: error: ‘ROWS0_’ was not declared in this scope
  mat<TYPE_,ROWS1_,COLS1_,STRIDE_>& getroi( mat<TYPE_,ROWS0_,COLS0_,STRIDE_>& mat0, int row, int col )
                                                      ^
/opt/Xilinx/Projects/visual_equalizer/visual_equalizer.sdk/shared/mat.h:62:61: error: ‘COLS0_’ was not declared in this scope
  mat<TYPE_,ROWS1_,COLS1_,STRIDE_>& getroi( mat<TYPE_,ROWS0_,COLS0_,STRIDE_>& mat0, int row, int col )
                                                             ^
/opt/Xilinx/Projects/visual_equalizer/visual_equalizer.sdk/shared/mat.h:62:75: error: template argument 2 is invalid
  mat<TYPE_,ROWS1_,COLS1_,STRIDE_>& getroi( mat<TYPE_,ROWS0_,COLS0_,STRIDE_>& mat0, int row, int col )
                                                                           ^
/opt/Xilinx/Projects/visual_equalizer/visual_equalizer.sdk/shared/mat.h:62:75: error: template argument 3 is invalid
/opt/Xilinx/Projects/visual_equalizer/visual_equalizer.sdk/shared/mat.h: In function ‘int& la::getroi(int&, int, int)’:
/opt/Xilinx/Projects/visual_equalizer/visual_equalizer.sdk/shared/mat.h:64:39: error: ‘ROWS1_’ was not declared in this scope
   return *(reinterpret_cast<mat<TYPE_,ROWS1_,COLS1_,STRIDE_>*>(reinterpret_cast<uint8_t*>(&mat0)+STRIDE_*row)+col);
                                       ^
/opt/Xilinx/Projects/visual_equalizer/visual_equalizer.sdk/shared/mat.h:64:46: error: ‘COLS1_’ was not declared in this scope
   return *(reinterpret_cast<mat<TYPE_,ROWS1_,COLS1_,STRIDE_>*>(reinterpret_cast<uint8_t*>(&mat0)+STRIDE_*row)+col);
                                              ^
/opt/Xilinx/Projects/visual_equalizer/visual_equalizer.sdk/shared/mat.h:64:60: error: template argument 2 is invalid
   return *(reinterpret_cast<mat<TYPE_,ROWS1_,COLS1_,STRIDE_>*>(reinterpret_cast<uint8_t*>(&mat0)+STRIDE_*row)+col);
                                                            ^
/opt/Xilinx/Projects/visual_equalizer/visual_equalizer.sdk/shared/mat.h:64:60: error: template argument 3 is invalid
/opt/Xilinx/Projects/visual_equalizer/visual_equalizer.sdk/shared/mat.h:64:61: error: expected ‘>’ before ‘*’ token
   return *(reinterpret_cast<mat<TYPE_,ROWS1_,COLS1_,STRIDE_>*>(reinterpret_cast<uint8_t*>(&mat0)+STRIDE_*row)+col);
                                                             ^
/opt/Xilinx/Projects/visual_equalizer/visual_equalizer.sdk/shared/mat.h:64:61: error: expected ‘(’ before ‘*’ token
/opt/Xilinx/Projects/visual_equalizer/visual_equalizer.sdk/shared/mat.h:64:62: error: expected primary-expression before ‘>’ token
   return *(reinterpret_cast<mat<TYPE_,ROWS1_,COLS1_,STRIDE_>*>(reinterpret_cast<uint8_t*>(&mat0)+STRIDE_*row)+col);
                                                              ^
/opt/Xilinx/Projects/visual_equalizer/visual_equalizer.sdk/shared/mat.h:64:115: error: expected ‘)’ before ‘;’ token
   return *(reinterpret_cast<mat<TYPE_,ROWS1_,COLS1_,STRIDE_>*>(reinterpret_cast<uint8_t*>(&mat0)+STRIDE_*row)+col);
                                                                                                                   ^
../src/main.cc: In function ‘int main()’:
../src/main.cc:108:89: error: no matching function for call to ‘getroi(display_mat&, int, int)’
      fft_rec_mat& rec = getroi( framebuffs[ each_frame ], 0, each_rec*VGA_FFT_REC_WIDTH );
                                                                                         ^
../src/main.cc:108:89: note: candidate is:
In file included from ../src/main.cc:11:0:
/opt/Xilinx/Projects/visual_equalizer/visual_equalizer.sdk/shared/mat.h:62:36: note: template<class TYPE_, int ROWS_, int COLS_, int STRIDE_> int& la::getroi(int&, int, int)
  mat<TYPE_,ROWS1_,COLS1_,STRIDE_>& getroi( mat<TYPE_,ROWS0_,COLS0_,STRIDE_>& mat0, int row, int col )
                                    ^
/opt/Xilinx/Projects/visual_equalizer/visual_equalizer.sdk/shared/mat.h:62:36: note:   template argument deduction/substitution failed:
../src/main.cc:108:56: note:   cannot convert ‘*(framebuffs + ((sizetype)(((unsigned int)each_frame) * 1228800u)))’ (type ‘display_mat {aka la::mat<la::pixel<unsigned char, 4>, 480, 640, 2560>}’) to type ‘int&’
      fft_rec_mat& rec = getroi( framebuffs[ each_frame ], 0, each_rec*VGA_FFT_REC_WIDTH );
                                                        ^
../src/main.cc:108:19: warning: unused variable ‘rec’ [-Wunused-variable]
src/subdir.mk:42: recipe for target 'src/main.o' failed
      fft_rec_mat& rec = getroi( framebuffs[ each_frame ], 0, each_rec*VGA_FFT_REC_WIDTH );
                   ^
make: *** [src/main.o] Error 1
15:28:03 **** Auto Build of configuration Debug for project cpu1_app ****
make pre-build main-build 
a9-linaro-pre-build-step
 
Building file: ../src/main.cc
Invoking: ARM v7 g++ compiler
arm-none-eabi-g++ -D_POSIX_SOURCE -Wall -O2 -g3 -I/opt/Xilinx/Projects/visual_equalizer/visual_equalizer.sdk/OpenCV/include -I"/opt/Xilinx/Projects/visual_equalizer/visual_equalizer.sdk/shared" -c -fmessage-length=0 -MT"src/main.o" -mcpu=cortex-a9 -mfpu=vfpv3 -mfloat-abi=hard -I../../cpu1_app_bsp/ps7_cortexa9_1/include -MMD -MP -MF"src/main.d" -MT"src/main.o" -o "src/main.o" "../src/main.cc"
In file included from ../src/main.cc:11:0:
/opt/Xilinx/Projects/visual_equalizer/visual_equalizer.sdk/shared/mat.h:62:12: error: ‘ROWS1_’ was not declared in this scope
  mat<TYPE_,ROWS1_,COLS1_,STRIDE_>& getroi( mat<TYPE_,ROWS0_,COLS0_,STRIDE_>& mat0, int row, int col )
            ^
/opt/Xilinx/Projects/visual_equalizer/visual_equalizer.sdk/shared/mat.h:62:19: error: ‘COLS1_’ was not declared in this scope
  mat<TYPE_,ROWS1_,COLS1_,STRIDE_>& getroi( mat<TYPE_,ROWS0_,COLS0_,STRIDE_>& mat0, int row, int col )
                   ^
/opt/Xilinx/Projects/visual_equalizer/visual_equalizer.sdk/shared/mat.h:62:33: error: template argument 2 is invalid
  mat<TYPE_,ROWS1_,COLS1_,STRIDE_>& getroi( mat<TYPE_,ROWS0_,COLS0_,STRIDE_>& mat0, int row, int col )
                                 ^
/opt/Xilinx/Projects/visual_equalizer/visual_equalizer.sdk/shared/mat.h:62:33: error: template argument 3 is invalid
/opt/Xilinx/Projects/visual_equalizer/visual_equalizer.sdk/shared/mat.h:62:54: error: ‘ROWS0_’ was not declared in this scope
  mat<TYPE_,ROWS1_,COLS1_,STRIDE_>& getroi( mat<TYPE_,ROWS0_,COLS0_,STRIDE_>& mat0, int row, int col )
                                                      ^
/opt/Xilinx/Projects/visual_equalizer/visual_equalizer.sdk/shared/mat.h:62:61: error: ‘COLS0_’ was not declared in this scope
  mat<TYPE_,ROWS1_,COLS1_,STRIDE_>& getroi( mat<TYPE_,ROWS0_,COLS0_,STRIDE_>& mat0, int row, int col )
                                                             ^
/opt/Xilinx/Projects/visual_equalizer/visual_equalizer.sdk/shared/mat.h:62:75: error: template argument 2 is invalid
  mat<TYPE_,ROWS1_,COLS1_,STRIDE_>& getroi( mat<TYPE_,ROWS0_,COLS0_,STRIDE_>& mat0, int row, int col )
                                                                           ^
/opt/Xilinx/Projects/visual_equalizer/visual_equalizer.sdk/shared/mat.h:62:75: error: template argument 3 is invalid
/opt/Xilinx/Projects/visual_equalizer/visual_equalizer.sdk/shared/mat.h: In function ‘int& la::getroi(int&, int, int)’:
/opt/Xilinx/Projects/visual_equalizer/visual_equalizer.sdk/shared/mat.h:64:39: error: ‘ROWS1_’ was not declared in this scope
   return *(reinterpret_cast<mat<TYPE_,ROWS1_,COLS1_,STRIDE_>*>(reinterpret_cast<uint8_t*>(&mat0)+STRIDE_*row)+col);
                                       ^
/opt/Xilinx/Projects/visual_equalizer/visual_equalizer.sdk/shared/mat.h:64:46: error: ‘COLS1_’ was not declared in this scope
   return *(reinterpret_cast<mat<TYPE_,ROWS1_,COLS1_,STRIDE_>*>(reinterpret_cast<uint8_t*>(&mat0)+STRIDE_*row)+col);
                                              ^
/opt/Xilinx/Projects/visual_equalizer/visual_equalizer.sdk/shared/mat.h:64:60: error: template argument 2 is invalid
   return *(reinterpret_cast<mat<TYPE_,ROWS1_,COLS1_,STRIDE_>*>(reinterpret_cast<uint8_t*>(&mat0)+STRIDE_*row)+col);
                                                            ^
/opt/Xilinx/Projects/visual_equalizer/visual_equalizer.sdk/shared/mat.h:64:60: error: template argument 3 is invalid
/opt/Xilinx/Projects/visual_equalizer/visual_equalizer.sdk/shared/mat.h:64:61: error: expected ‘>’ before ‘*’ token
   return *(reinterpret_cast<mat<TYPE_,ROWS1_,COLS1_,STRIDE_>*>(reinterpret_cast<uint8_t*>(&mat0)+STRIDE_*row)+col);
                                                             ^
/opt/Xilinx/Projects/visual_equalizer/visual_equalizer.sdk/shared/mat.h:64:61: error: expected ‘(’ before ‘*’ token
/opt/Xilinx/Projects/visual_equalizer/visual_equalizer.sdk/shared/mat.h:64:62: error: expected primary-expression before ‘>’ token
   return *(reinterpret_cast<mat<TYPE_,ROWS1_,COLS1_,STRIDE_>*>(reinterpret_cast<uint8_t*>(&mat0)+STRIDE_*row)+col);
                                                              ^
/opt/Xilinx/Projects/visual_equalizer/visual_equalizer.sdk/shared/mat.h:64:115: error: expected ‘)’ before ‘;’ token
   return *(reinterpret_cast<mat<TYPE_,ROWS1_,COLS1_,STRIDE_>*>(reinterpret_cast<uint8_t*>(&mat0)+STRIDE_*row)+col);
                                                                                                                   ^
../src/main.cc: In function ‘int main()’:
../src/main.cc:108:89: error: no matching function for call to ‘getroi(display_mat&, int, int)’
      fft_rec_mat& rec = getroi( framebuffs[ each_frame ], 0, each_rec*VGA_FFT_REC_WIDTH );
                                                                                         ^
../src/main.cc:108:89: note: candidate is:
In file included from ../src/main.cc:11:0:
/opt/Xilinx/Projects/visual_equalizer/visual_equalizer.sdk/shared/mat.h:62:36: note: template<class TYPE_, int ROWS_, int COLS_, int STRIDE_, class MAT_> int& la::getroi(int&, int, int)
  mat<TYPE_,ROWS1_,COLS1_,STRIDE_>& getroi( mat<TYPE_,ROWS0_,COLS0_,STRIDE_>& mat0, int row, int col )
                                    ^
/opt/Xilinx/Projects/visual_equalizer/visual_equalizer.sdk/shared/mat.h:62:36: note:   template argument deduction/substitution failed:
../src/main.cc:108:56: note:   cannot convert ‘*(framebuffs + ((sizetype)(((unsigned int)each_frame) * 1228800u)))’ (type ‘display_mat {aka la::mat<la::pixel<unsigned char, 4>, 480, 640, 2560>}’) to type ‘int&’
      fft_rec_mat& rec = getroi( framebuffs[ each_frame ], 0, each_rec*VGA_FFT_REC_WIDTH );
                                                        ^
../src/main.cc:108:19: warning: unused variable ‘rec’ [-Wunused-variable]
src/subdir.mk:42: recipe for target 'src/main.o' failed
      fft_rec_mat& rec = getroi( framebuffs[ each_frame ], 0, each_rec*VGA_FFT_REC_WIDTH );
                   ^
make: *** [src/main.o] Error 1
15:28:17 **** Auto Build of configuration Debug for project cpu1_app ****
make pre-build main-build 
a9-linaro-pre-build-step
 
Building file: ../src/main.cc
Invoking: ARM v7 g++ compiler
arm-none-eabi-g++ -D_POSIX_SOURCE -Wall -O2 -g3 -I/opt/Xilinx/Projects/visual_equalizer/visual_equalizer.sdk/OpenCV/include -I"/opt/Xilinx/Projects/visual_equalizer/visual_equalizer.sdk/shared" -c -fmessage-length=0 -MT"src/main.o" -mcpu=cortex-a9 -mfpu=vfpv3 -mfloat-abi=hard -I../../cpu1_app_bsp/ps7_cortexa9_1/include -MMD -MP -MF"src/main.d" -MT"src/main.o" -o "src/main.o" "../src/main.cc"
In file included from ../src/main.cc:11:0:
/opt/Xilinx/Projects/visual_equalizer/visual_equalizer.sdk/shared/mat.h:62:26: error: ‘ROWS0_’ was not declared in this scope
  MAT_& getroi( mat<TYPE_,ROWS0_,COLS0_,STRIDE_>& mat0, int row, int col )
                          ^
/opt/Xilinx/Projects/visual_equalizer/visual_equalizer.sdk/shared/mat.h:62:33: error: ‘COLS0_’ was not declared in this scope
  MAT_& getroi( mat<TYPE_,ROWS0_,COLS0_,STRIDE_>& mat0, int row, int col )
                                 ^
/opt/Xilinx/Projects/visual_equalizer/visual_equalizer.sdk/shared/mat.h:62:47: error: template argument 2 is invalid
  MAT_& getroi( mat<TYPE_,ROWS0_,COLS0_,STRIDE_>& mat0, int row, int col )
                                               ^
/opt/Xilinx/Projects/visual_equalizer/visual_equalizer.sdk/shared/mat.h:62:47: error: template argument 3 is invalid
src/subdir.mk:42: recipe for target 'src/main.o' failed
../src/main.cc: In function ‘int main()’:
../src/main.cc:108:89: error: no matching function for call to ‘getroi(display_mat&, int, int)’
      fft_rec_mat& rec = getroi( framebuffs[ each_frame ], 0, each_rec*VGA_FFT_REC_WIDTH );
                                                                                         ^
../src/main.cc:108:89: note: candidate is:
In file included from ../src/main.cc:11:0:
/opt/Xilinx/Projects/visual_equalizer/visual_equalizer.sdk/shared/mat.h:62:8: note: template<class TYPE_, int ROWS_, int COLS_, int STRIDE_, class MAT_> MAT_& la::getroi(int&, int, int)
  MAT_& getroi( mat<TYPE_,ROWS0_,COLS0_,STRIDE_>& mat0, int row, int col )
        ^
/opt/Xilinx/Projects/visual_equalizer/visual_equalizer.sdk/shared/mat.h:62:8: note:   template argument deduction/substitution failed:
../src/main.cc:108:56: note:   cannot convert ‘*(framebuffs + ((sizetype)(((unsigned int)each_frame) * 1228800u)))’ (type ‘display_mat {aka la::mat<la::pixel<unsigned char, 4>, 480, 640, 2560>}’) to type ‘int&’
      fft_rec_mat& rec = getroi( framebuffs[ each_frame ], 0, each_rec*VGA_FFT_REC_WIDTH );
                                                        ^
../src/main.cc:108:19: warning: unused variable ‘rec’ [-Wunused-variable]
      fft_rec_mat& rec = getroi( framebuffs[ each_frame ], 0, each_rec*VGA_FFT_REC_WIDTH );
                   ^
make: *** [src/main.o] Error 1
15:28:25 **** Auto Build of configuration Debug for project cpu1_app ****
make pre-build main-build 
a9-linaro-pre-build-step
 
Building file: ../src/main.cc
Invoking: ARM v7 g++ compiler
arm-none-eabi-g++ -D_POSIX_SOURCE -Wall -O2 -g3 -I/opt/Xilinx/Projects/visual_equalizer/visual_equalizer.sdk/OpenCV/include -I"/opt/Xilinx/Projects/visual_equalizer/visual_equalizer.sdk/shared" -c -fmessage-length=0 -MT"src/main.o" -mcpu=cortex-a9 -mfpu=vfpv3 -mfloat-abi=hard -I../../cpu1_app_bsp/ps7_cortexa9_1/include -MMD -MP -MF"src/main.d" -MT"src/main.o" -o "src/main.o" "../src/main.cc"
../src/main.cc: In function ‘int main()’:
../src/main.cc:108:89: error: no matching function for call to ‘getroi(display_mat&, int, int)’
      fft_rec_mat& rec = getroi( framebuffs[ each_frame ], 0, each_rec*VGA_FFT_REC_WIDTH );
                                                                                         ^
../src/main.cc:108:89: note: candidate is:
In file included from ../src/main.cc:11:0:
/opt/Xilinx/Projects/visual_equalizer/visual_equalizer.sdk/shared/mat.h:62:8: note: template<class TYPE_, int ROWS_, int COLS_, int STRIDE_, class MAT_> MAT_& la::getroi(la::mat<TYPE_, ROWS_, COLS_, STRIDE_>&, int, int)
  MAT_& getroi( mat<TYPE_,ROWS_,COLS_,STRIDE_>& mat0, int row, int col )
        ^
/opt/Xilinx/Projects/visual_equalizer/visual_equalizer.sdk/shared/mat.h:62:8: note:   template argument deduction/substitution failed:
../src/main.cc:108:89: note:   couldn't deduce template parameter ‘MAT_’
      fft_rec_mat& rec = getroi( framebuffs[ each_frame ], 0, each_rec*VGA_FFT_REC_WIDTH );
                                                                                         ^
../src/main.cc:108:19: warning: unused variable ‘rec’ [-Wunused-variable]
      fft_rec_mat& rec = getroi( framebuffs[ each_frame ], 0, each_rec*VGA_FFT_REC_WIDTH );
                   ^
make: *** [src/main.o] Error 1
src/subdir.mk:42: recipe for target 'src/main.o' failed
15:29:26 **** Auto Build of configuration Debug for project cpu1_app ****
make pre-build main-build 
a9-linaro-pre-build-step
 
Building file: ../src/main.cc
Invoking: ARM v7 g++ compiler
arm-none-eabi-g++ -D_POSIX_SOURCE -Wall -O2 -g3 -I/opt/Xilinx/Projects/visual_equalizer/visual_equalizer.sdk/OpenCV/include -I"/opt/Xilinx/Projects/visual_equalizer/visual_equalizer.sdk/shared" -c -fmessage-length=0 -MT"src/main.o" -mcpu=cortex-a9 -mfpu=vfpv3 -mfloat-abi=hard -I../../cpu1_app_bsp/ps7_cortexa9_1/include -MMD -MP -MF"src/main.d" -MT"src/main.o" -o "src/main.o" "../src/main.cc"
../src/main.cc: In function ‘int main()’:
../src/main.cc:108:89: error: no matching function for call to ‘getroi(display_mat&, int, int)’
      fft_rec_mat& rec = getroi( framebuffs[ each_frame ], 0, each_rec*VGA_FFT_REC_WIDTH );
                                                                                         ^
../src/main.cc:108:89: note: candidate is:
In file included from ../src/main.cc:11:0:
/opt/Xilinx/Projects/visual_equalizer/visual_equalizer.sdk/shared/mat.h:62:8: note: template<class MAT_, class TYPE_, int ROWS_, int COLS_, int STRIDE_> MAT_& la::getroi(la::mat<TYPE_, ROWS_, COLS_, STRIDE_>&, int, int)
  MAT_& getroi( mat<TYPE_,ROWS_,COLS_,STRIDE_>& mat0, int row, int col )
        ^
/opt/Xilinx/Projects/visual_equalizer/visual_equalizer.sdk/shared/mat.h:62:8: note:   template argument deduction/substitution failed:
../src/main.cc:108:89: note:   couldn't deduce template parameter ‘MAT_’
      fft_rec_mat& rec = getroi( framebuffs[ each_frame ], 0, each_rec*VGA_FFT_REC_WIDTH );
                                                                                         ^
../src/main.cc:108:19: warning: unused variable ‘rec’ [-Wunused-variable]
      fft_rec_mat& rec = getroi( framebuffs[ each_frame ], 0, each_rec*VGA_FFT_REC_WIDTH );
                   ^
src/subdir.mk:42: recipe for target 'src/main.o' failed
make: *** [src/main.o] Error 1
15:29:40 **** Auto Build of configuration Debug for project cpu1_app ****
make pre-build main-build 
a9-linaro-pre-build-step
 
Building file: ../src/main.cc
Invoking: ARM v7 g++ compiler
arm-none-eabi-g++ -D_POSIX_SOURCE -Wall -O2 -g3 -I/opt/Xilinx/Projects/visual_equalizer/visual_equalizer.sdk/OpenCV/include -I"/opt/Xilinx/Projects/visual_equalizer/visual_equalizer.sdk/shared" -c -fmessage-length=0 -MT"src/main.o" -mcpu=cortex-a9 -mfpu=vfpv3 -mfloat-abi=hard -I../../cpu1_app_bsp/ps7_cortexa9_1/include -MMD -MP -MF"src/main.d" -MT"src/main.o" -o "src/main.o" "../src/main.cc"
../src/main.cc: In function ‘int main()’:
../src/main.cc:108:19: warning: unused variable ‘rec’ [-Wunused-variable]
      fft_rec_mat& rec = getroi<fft_rec_mat>( framebuffs[ each_frame ], 0, each_rec*VGA_FFT_REC_WIDTH );
                   ^
Finished building: ../src/main.cc
 
Building target: cpu1_app.elf
Invoking: ARM v7 g++ linker
arm-none-eabi-g++ -mcpu=cortex-a9 -mfpu=vfpv3 -mfloat-abi=hard -Wl,-build-id=none -specs=Xilinx.spec -Wl,-T -Wl,../src/lscript.ld -L../../cpu1_app_bsp/ps7_cortexa9_1/lib -o "cpu1_app.elf"  ./src/display_ctrl.o ./src/main.o ./src/shared.o   -Wl,--start-group,-lxil,-lgcc,-lc,-lstdc++,--end-group
Finished building target: cpu1_app.elf
 
Invoking: ARM v7 Print Size
arm-none-eabi-size cpu1_app.elf  |tee "cpu1_app.elf.size"
   text	   data	    bss	    dec	    hex	filename
  49512	   4032	  27232	  80776	  13b88	cpu1_app.elf
Finished building: cpu1_app.elf.size
 
15:32:19 **** Auto Build of configuration Debug for project cpu1_app ****
make pre-build main-build 
a9-linaro-pre-build-step
 
Building file: ../src/main.cc
Invoking: ARM v7 g++ compiler
arm-none-eabi-g++ -D_POSIX_SOURCE -Wall -O2 -g3 -I/opt/Xilinx/Projects/visual_equalizer/visual_equalizer.sdk/OpenCV/include -I"/opt/Xilinx/Projects/visual_equalizer/visual_equalizer.sdk/shared" -c -fmessage-length=0 -MT"src/main.o" -mcpu=cortex-a9 -mfpu=vfpv3 -mfloat-abi=hard -I../../cpu1_app_bsp/ps7_cortexa9_1/include -MMD -MP -MF"src/main.d" -MT"src/main.o" -o "src/main.o" "../src/main.cc"
../src/main.cc: In function ‘int main()’:
../src/main.cc:109:36: error: invalid initialization of non-const reference of type ‘la::pixel<unsigned char, 4>&’ from an rvalue of type ‘display_pixel {aka la::pixel<unsigned char, 4>}’
        display_pixel( 0, 0, 0, 0 ) );
                                    ^
In file included from ../src/main.cc:11:0:
/opt/Xilinx/Projects/visual_equalizer/visual_equalizer.sdk/shared/mat.h:68:7: note: in passing argument 2 of ‘void la::fill(la::mat<TYPE_, ROWS_, COLS_, STRIDE_>&, TYPE_&) [with TYPE_ = la::pixel<unsigned char, 4>; int ROWS_ = 480; int COLS_ = 10; int STRIDE_ = 2560]’
  void fill( mat<TYPE_,ROWS_,COLS_,STRIDE_>& mat, TYPE_& pixel )
       ^
src/subdir.mk:42: recipe for target 'src/main.o' failed
make: *** [src/main.o] Error 1
15:33:29 **** Auto Build of configuration Debug for project cpu1_app ****
make pre-build main-build 
a9-linaro-pre-build-step
 
Building file: ../src/main.cc
Invoking: ARM v7 g++ compiler
arm-none-eabi-g++ -D_POSIX_SOURCE -Wall -O2 -g3 -I/opt/Xilinx/Projects/visual_equalizer/visual_equalizer.sdk/OpenCV/include -I"/opt/Xilinx/Projects/visual_equalizer/visual_equalizer.sdk/shared" -c -fmessage-length=0 -MT"src/main.o" -mcpu=cortex-a9 -mfpu=vfpv3 -mfloat-abi=hard -I../../cpu1_app_bsp/ps7_cortexa9_1/include -MMD -MP -MF"src/main.d" -MT"src/main.o" -o "src/main.o" "../src/main.cc"
../src/main.cc: In function ‘int main()’:
../src/main.cc:110:8: error: expected primary-expression before ‘)’ token
        );
        ^
src/subdir.mk:42: recipe for target 'src/main.o' failed
make: *** [src/main.o] Error 1
15:33:45 **** Auto Build of configuration Debug for project cpu1_app ****
make pre-build main-build 
a9-linaro-pre-build-step
 
Building file: ../src/main.cc
Invoking: ARM v7 g++ compiler
arm-none-eabi-g++ -D_POSIX_SOURCE -Wall -O2 -g3 -I/opt/Xilinx/Projects/visual_equalizer/visual_equalizer.sdk/OpenCV/include -I"/opt/Xilinx/Projects/visual_equalizer/visual_equalizer.sdk/shared" -c -fmessage-length=0 -MT"src/main.o" -mcpu=cortex-a9 -mfpu=vfpv3 -mfloat-abi=hard -I../../cpu1_app_bsp/ps7_cortexa9_1/include -MMD -MP -MF"src/main.d" -MT"src/main.o" -o "src/main.o" "../src/main.cc"
../src/main.cc:89:4: error: empty character constant
    ''display_pixel pix( 255, 255, 255, 0 ); /* BGR_ */
    ^
../src/main.cc: In function ‘int main()’:
../src/main.cc:89:6: error: expected ‘;’ before ‘display_pixel’
    ''display_pixel pix( 255, 255, 255, 0 ); /* BGR_ */
      ^
../src/main.cc:89:43: warning: statement has no effect [-Wunused-value]
    ''display_pixel pix( 255, 255, 255, 0 ); /* BGR_ */
                                           ^
../src/main.cc:105:37: error: ‘pix’ was not declared in this scope
     fill( framebuffs[ each_frame ], pix );
                                     ^
../src/main.cc:110:8: error: expected primary-expression before ‘)’ token
        );
        ^
src/subdir.mk:42: recipe for target 'src/main.o' failed
make: *** [src/main.o] Error 1
15:33:47 **** Auto Build of configuration Debug for project cpu1_app ****
make pre-build main-build 
a9-linaro-pre-build-step
 
Building file: ../src/main.cc
Invoking: ARM v7 g++ compiler
arm-none-eabi-g++ -D_POSIX_SOURCE -Wall -O2 -g3 -I/opt/Xilinx/Projects/visual_equalizer/visual_equalizer.sdk/OpenCV/include -I"/opt/Xilinx/Projects/visual_equalizer/visual_equalizer.sdk/shared" -c -fmessage-length=0 -MT"src/main.o" -mcpu=cortex-a9 -mfpu=vfpv3 -mfloat-abi=hard -I../../cpu1_app_bsp/ps7_cortexa9_1/include -MMD -MP -MF"src/main.d" -MT"src/main.o" -o "src/main.o" "../src/main.cc"
../src/main.cc: In function ‘int main()’:
../src/main.cc:105:37: error: ‘pix’ was not declared in this scope
     fill( framebuffs[ each_frame ], pix );
                                     ^
../src/main.cc:110:8: error: expected primary-expression before ‘)’ token
        );
        ^
src/subdir.mk:42: recipe for target 'src/main.o' failed
make: *** [src/main.o] Error 1
15:33:50 **** Auto Build of configuration Debug for project cpu1_app ****
make pre-build main-build 
a9-linaro-pre-build-step
 
Building file: ../src/main.cc
Invoking: ARM v7 g++ compiler
arm-none-eabi-g++ -D_POSIX_SOURCE -Wall -O2 -g3 -I/opt/Xilinx/Projects/visual_equalizer/visual_equalizer.sdk/OpenCV/include -I"/opt/Xilinx/Projects/visual_equalizer/visual_equalizer.sdk/shared" -c -fmessage-length=0 -MT"src/main.o" -mcpu=cortex-a9 -mfpu=vfpv3 -mfloat-abi=hard -I../../cpu1_app_bsp/ps7_cortexa9_1/include -MMD -MP -MF"src/main.d" -MT"src/main.o" -o "src/main.o" "../src/main.cc"
../src/main.cc: In function ‘int main()’:
../src/main.cc:105:37: error: ‘pix’ was not declared in this scope
     fill( framebuffs[ each_frame ], pix );
                                     ^
make: *** [src/main.o] Error 1
src/subdir.mk:42: recipe for target 'src/main.o' failed
15:33:54 **** Auto Build of configuration Debug for project cpu1_app ****
make pre-build main-build 
a9-linaro-pre-build-step
 
Building file: ../src/main.cc
Invoking: ARM v7 g++ compiler
arm-none-eabi-g++ -D_POSIX_SOURCE -Wall -O2 -g3 -I/opt/Xilinx/Projects/visual_equalizer/visual_equalizer.sdk/OpenCV/include -I"/opt/Xilinx/Projects/visual_equalizer/visual_equalizer.sdk/shared" -c -fmessage-length=0 -MT"src/main.o" -mcpu=cortex-a9 -mfpu=vfpv3 -mfloat-abi=hard -I../../cpu1_app_bsp/ps7_cortexa9_1/include -MMD -MP -MF"src/main.d" -MT"src/main.o" -o "src/main.o" "../src/main.cc"
../src/main.cc: In function ‘int main()’:
../src/main.cc:105:37: error: ‘pix’ was not declared in this scope
     fill( framebuffs[ each_frame ], pix );
                                     ^
make: *** [src/main.o] Error 1
src/subdir.mk:42: recipe for target 'src/main.o' failed
15:34:06 **** Auto Build of configuration Debug for project cpu1_app ****
make pre-build main-build 
a9-linaro-pre-build-step
 
Building file: ../src/main.cc
Invoking: ARM v7 g++ compiler
arm-none-eabi-g++ -D_POSIX_SOURCE -Wall -O2 -g3 -I/opt/Xilinx/Projects/visual_equalizer/visual_equalizer.sdk/OpenCV/include -I"/opt/Xilinx/Projects/visual_equalizer/visual_equalizer.sdk/shared" -c -fmessage-length=0 -MT"src/main.o" -mcpu=cortex-a9 -mfpu=vfpv3 -mfloat-abi=hard -I../../cpu1_app_bsp/ps7_cortexa9_1/include -MMD -MP -MF"src/main.d" -MT"src/main.o" -o "src/main.o" "../src/main.cc"
Finished building: ../src/main.cc
 
Building target: cpu1_app.elf
Invoking: ARM v7 g++ linker
arm-none-eabi-g++ -mcpu=cortex-a9 -mfpu=vfpv3 -mfloat-abi=hard -Wl,-build-id=none -specs=Xilinx.spec -Wl,-T -Wl,../src/lscript.ld -L../../cpu1_app_bsp/ps7_cortexa9_1/lib -o "cpu1_app.elf"  ./src/display_ctrl.o ./src/main.o ./src/shared.o   -Wl,--start-group,-lxil,-lgcc,-lc,-lstdc++,--end-group
Finished building target: cpu1_app.elf
 
Invoking: ARM v7 Print Size
arm-none-eabi-size cpu1_app.elf  |tee "cpu1_app.elf.size"
   text	   data	    bss	    dec	    hex	filename
  49560	   4032	  27232	  80824	  13bb8	cpu1_app.elf
Finished building: cpu1_app.elf.size
 
15:34:19 **** Incremental Build of configuration Debug for project cpu0_app ****
make pre-build main-build 
a9-linaro-pre-build-step
 
make: Nothing to be done for 'main-build'.
15:34:20 **** Incremental Build of configuration Debug for project cpu1_app ****
make pre-build main-build 
a9-linaro-pre-build-step
 
make: Nothing to be done for 'main-build'.
15:35:06 **** Incremental Build of configuration Debug for project cpu0_app ****
make pre-build main-build 
a9-linaro-pre-build-step
 
make: Nothing to be done for 'main-build'.
15:35:06 **** Incremental Build of configuration Debug for project cpu1_app ****
make pre-build main-build 
a9-linaro-pre-build-step
 
make: Nothing to be done for 'main-build'.
15:37:28 **** Auto Build of configuration Debug for project cpu1_app ****
make pre-build main-build 
a9-linaro-pre-build-step
 
Building file: ../src/main.cc
Invoking: ARM v7 g++ compiler
arm-none-eabi-g++ -D_POSIX_SOURCE -Wall -O2 -g3 -I/opt/Xilinx/Projects/visual_equalizer/visual_equalizer.sdk/OpenCV/include -I"/opt/Xilinx/Projects/visual_equalizer/visual_equalizer.sdk/shared" -c -fmessage-length=0 -MT"src/main.o" -mcpu=cortex-a9 -mfpu=vfpv3 -mfloat-abi=hard -I../../cpu1_app_bsp/ps7_cortexa9_1/include -MMD -MP -MF"src/main.d" -MT"src/main.o" -o "src/main.o" "../src/main.cc"
../src/main.cc: In function ‘int main()’:
../src/main.cc:108:21: error: expected initializer before ‘&’ token
      fft_rec_mat rec& = getroi<fft_rec_mat>( framebuffs[ each_frame ];
                     ^
../src/main.cc:109:12: error: ‘rec’ was not declared in this scope
      fill( rec, 0, each_rec*VGA_FFT_REC_WIDTH ), pix );
            ^
src/subdir.mk:42: recipe for target 'src/main.o' failed
make: *** [src/main.o] Error 1
15:37:34 **** Auto Build of configuration Debug for project cpu1_app ****
make pre-build main-build 
a9-linaro-pre-build-step
 
Building file: ../src/main.cc
Invoking: ARM v7 g++ compiler
arm-none-eabi-g++ -D_POSIX_SOURCE -Wall -O2 -g3 -I/opt/Xilinx/Projects/visual_equalizer/visual_equalizer.sdk/OpenCV/include -I"/opt/Xilinx/Projects/visual_equalizer/visual_equalizer.sdk/shared" -c -fmessage-length=0 -MT"src/main.o" -mcpu=cortex-a9 -mfpu=vfpv3 -mfloat-abi=hard -I../../cpu1_app_bsp/ps7_cortexa9_1/include -MMD -MP -MF"src/main.d" -MT"src/main.o" -o "src/main.o" "../src/main.cc"
../src/main.cc: In function ‘int main()’:
../src/main.cc:108:70: error: expected ‘)’ before ‘;’ token
      fft_rec_mat& rec = getroi<fft_rec_mat>( framebuffs[ each_frame ];
                                                                      ^
../src/main.cc:109:47: error: no matching function for call to ‘fill(fft_rec_mat&, int, int)’
      fill( rec, 0, each_rec*VGA_FFT_REC_WIDTH ), pix );
                                               ^
../src/main.cc:109:47: note: candidate is:
In file included from ../src/main.cc:11:0:
/opt/Xilinx/Projects/visual_equalizer/visual_equalizer.sdk/shared/mat.h:68:7: note: template<class TYPE_, int ROWS_, int COLS_, int STRIDE_> void la::fill(la::mat<TYPE_, ROWS_, COLS_, STRIDE_>&, TYPE_&)
  void fill( mat<TYPE_,ROWS_,COLS_,STRIDE_>& mat, TYPE_& pixel )
       ^
/opt/Xilinx/Projects/visual_equalizer/visual_equalizer.sdk/shared/mat.h:68:7: note:   template argument deduction/substitution failed:
../src/main.cc:109:47: note:   deduced conflicting types for parameter ‘TYPE_’ (‘la::pixel<unsigned char, 4>’ and ‘int’)
      fill( rec, 0, each_rec*VGA_FFT_REC_WIDTH ), pix );
                                               ^
src/subdir.mk:42: recipe for target 'src/main.o' failed
make: *** [src/main.o] Error 1
15:37:59 **** Auto Build of configuration Debug for project cpu1_app ****
make pre-build main-build 
a9-linaro-pre-build-step
 
Building file: ../src/main.cc
Invoking: ARM v7 g++ compiler
arm-none-eabi-g++ -D_POSIX_SOURCE -Wall -O2 -g3 -I/opt/Xilinx/Projects/visual_equalizer/visual_equalizer.sdk/OpenCV/include -I"/opt/Xilinx/Projects/visual_equalizer/visual_equalizer.sdk/shared" -c -fmessage-length=0 -MT"src/main.o" -mcpu=cortex-a9 -mfpu=vfpv3 -mfloat-abi=hard -I../../cpu1_app_bsp/ps7_cortexa9_1/include -MMD -MP -MF"src/main.d" -MT"src/main.o" -o "src/main.o" "../src/main.cc"
Finished building: ../src/main.cc
 
Building target: cpu1_app.elf
Invoking: ARM v7 g++ linker
arm-none-eabi-g++ -mcpu=cortex-a9 -mfpu=vfpv3 -mfloat-abi=hard -Wl,-build-id=none -specs=Xilinx.spec -Wl,-T -Wl,../src/lscript.ld -L../../cpu1_app_bsp/ps7_cortexa9_1/lib -o "cpu1_app.elf"  ./src/display_ctrl.o ./src/main.o ./src/shared.o   -Wl,--start-group,-lxil,-lgcc,-lc,-lstdc++,--end-group
Finished building target: cpu1_app.elf
 
Invoking: ARM v7 Print Size
arm-none-eabi-size cpu1_app.elf  |tee "cpu1_app.elf.size"
   text	   data	    bss	    dec	    hex	filename
  49560	   4032	  27232	  80824	  13bb8	cpu1_app.elf
Finished building: cpu1_app.elf.size
 
15:39:28 **** Incremental Build of configuration Debug for project cpu0_app ****
make pre-build main-build 
a9-linaro-pre-build-step
 
make: Nothing to be done for 'main-build'.
15:39:29 **** Incremental Build of configuration Debug for project cpu1_app ****
make pre-build main-build 
a9-linaro-pre-build-step
 
make: Nothing to be done for 'main-build'.
15:40:32 **** Auto Build of configuration Debug for project cpu1_app ****
make pre-build main-build 
a9-linaro-pre-build-step
 
Building file: ../src/main.cc
Invoking: ARM v7 g++ compiler
arm-none-eabi-g++ -D_POSIX_SOURCE -Wall -O2 -g3 -I/opt/Xilinx/Projects/visual_equalizer/visual_equalizer.sdk/OpenCV/include -I"/opt/Xilinx/Projects/visual_equalizer/visual_equalizer.sdk/shared" -c -fmessage-length=0 -MT"src/main.o" -mcpu=cortex-a9 -mfpu=vfpv3 -mfloat-abi=hard -I../../cpu1_app_bsp/ps7_cortexa9_1/include -MMD -MP -MF"src/main.d" -MT"src/main.o" -o "src/main.o" "../src/main.cc"
Finished building: ../src/main.cc
 
Building target: cpu1_app.elf
Invoking: ARM v7 g++ linker
arm-none-eabi-g++ -mcpu=cortex-a9 -mfpu=vfpv3 -mfloat-abi=hard -Wl,-build-id=none -specs=Xilinx.spec -Wl,-T -Wl,../src/lscript.ld -L../../cpu1_app_bsp/ps7_cortexa9_1/lib -o "cpu1_app.elf"  ./src/display_ctrl.o ./src/main.o ./src/shared.o   -Wl,--start-group,-lxil,-lgcc,-lc,-lstdc++,--end-group
Finished building target: cpu1_app.elf
 
Invoking: ARM v7 Print Size
arm-none-eabi-size cpu1_app.elf  |tee "cpu1_app.elf.size"
   text	   data	    bss	    dec	    hex	filename
  49560	   4032	  27232	  80824	  13bb8	cpu1_app.elf
Finished building: cpu1_app.elf.size
 
15:40:49 **** Clean-only build of configuration Debug for project cpu1_app ****
make clean 
rm -rf  ./src/main.d  ./src/display_ctrl.o ./src/main.o ./src/shared.o  ./src/display_ctrl.d  ./src/shared.d  cpu1_app.elf.size  cpu1_app.elf
 
15:40:49 **** Auto Build of configuration Debug for project cpu1_app ****
make pre-build main-build 
a9-linaro-pre-build-step
 
Building file: /opt/Xilinx/Projects/visual_equalizer/visual_equalizer.sdk/shared/display_ctrl.c
Invoking: ARM v7 g++ compiler
arm-none-eabi-g++ -D_POSIX_SOURCE -Wall -O0 -g3 -I/opt/Xilinx/Projects/visual_equalizer/visual_equalizer.sdk/OpenCV/include -I"/opt/Xilinx/Projects/visual_equalizer/visual_equalizer.sdk/shared" -c -fmessage-length=0 -MT"src/display_ctrl.o" -mcpu=cortex-a9 -mfpu=vfpv3 -mfloat-abi=hard -I../../cpu1_app_bsp/ps7_cortexa9_1/include -MMD -MP -MF"src/display_ctrl.d" -MT"src/display_ctrl.o" -o "src/display_ctrl.o" "/opt/Xilinx/Projects/visual_equalizer/visual_equalizer.sdk/shared/display_ctrl.c"
Finished building: /opt/Xilinx/Projects/visual_equalizer/visual_equalizer.sdk/shared/display_ctrl.c
 
Building file: ../src/main.cc
Invoking: ARM v7 g++ compiler
arm-none-eabi-g++ -D_POSIX_SOURCE -Wall -O0 -g3 -I/opt/Xilinx/Projects/visual_equalizer/visual_equalizer.sdk/OpenCV/include -I"/opt/Xilinx/Projects/visual_equalizer/visual_equalizer.sdk/shared" -c -fmessage-length=0 -MT"src/main.o" -mcpu=cortex-a9 -mfpu=vfpv3 -mfloat-abi=hard -I../../cpu1_app_bsp/ps7_cortexa9_1/include -MMD -MP -MF"src/main.d" -MT"src/main.o" -o "src/main.o" "../src/main.cc"
Finished building: ../src/main.cc
 
Building file: /opt/Xilinx/Projects/visual_equalizer/visual_equalizer.sdk/shared/shared.cpp
Invoking: ARM v7 g++ compiler
arm-none-eabi-g++ -D_POSIX_SOURCE -Wall -O0 -g3 -I/opt/Xilinx/Projects/visual_equalizer/visual_equalizer.sdk/OpenCV/include -I"/opt/Xilinx/Projects/visual_equalizer/visual_equalizer.sdk/shared" -c -fmessage-length=0 -MT"src/shared.o" -mcpu=cortex-a9 -mfpu=vfpv3 -mfloat-abi=hard -I../../cpu1_app_bsp/ps7_cortexa9_1/include -MMD -MP -MF"src/shared.d" -MT"src/shared.o" -o "src/shared.o" "/opt/Xilinx/Projects/visual_equalizer/visual_equalizer.sdk/shared/shared.cpp"
Finished building: /opt/Xilinx/Projects/visual_equalizer/visual_equalizer.sdk/shared/shared.cpp
 
Building target: cpu1_app.elf
Invoking: ARM v7 g++ linker
arm-none-eabi-g++ -mcpu=cortex-a9 -mfpu=vfpv3 -mfloat-abi=hard -Wl,-build-id=none -specs=Xilinx.spec -Wl,-T -Wl,../src/lscript.ld -L../../cpu1_app_bsp/ps7_cortexa9_1/lib -o "cpu1_app.elf"  ./src/display_ctrl.o ./src/main.o ./src/shared.o   -Wl,--start-group,-lxil,-lgcc,-lc,-lstdc++,--end-group
Finished building target: cpu1_app.elf
 
Invoking: ARM v7 Print Size
arm-none-eabi-size cpu1_app.elf  |tee "cpu1_app.elf.size"
   text	   data	    bss	    dec	    hex	filename
 166248	   4432	  30512	 201192	  311e8	cpu1_app.elf
Finished building: cpu1_app.elf.size
 
15:40:53 **** Incremental Build of configuration Debug for project cpu0_app ****
make pre-build main-build 
a9-linaro-pre-build-step
 
make: Nothing to be done for 'main-build'.
15:40:53 **** Incremental Build of configuration Debug for project cpu1_app ****
make pre-build main-build 
a9-linaro-pre-build-step
 
make: Nothing to be done for 'main-build'.
15:44:08 **** Incremental Build of configuration Debug for project cpu0_app ****
make pre-build main-build 
a9-linaro-pre-build-step
 
make: Nothing to be done for 'main-build'.
15:44:08 **** Incremental Build of configuration Debug for project cpu1_app ****
make pre-build main-build 
a9-linaro-pre-build-step
 
make: Nothing to be done for 'main-build'.
15:45:49 **** Auto Build of configuration Debug for project cpu1_app ****
make pre-build main-build 
a9-linaro-pre-build-step
 
Building file: ../src/main.cc
Invoking: ARM v7 g++ compiler
arm-none-eabi-g++ -D_POSIX_SOURCE -Wall -O0 -g3 -I/opt/Xilinx/Projects/visual_equalizer/visual_equalizer.sdk/OpenCV/include -I"/opt/Xilinx/Projects/visual_equalizer/visual_equalizer.sdk/shared" -c -fmessage-length=0 -MT"src/main.o" -mcpu=cortex-a9 -mfpu=vfpv3 -mfloat-abi=hard -I../../cpu1_app_bsp/ps7_cortexa9_1/include -MMD -MP -MF"src/main.d" -MT"src/main.o" -o "src/main.o" "../src/main.cc"
Finished building: ../src/main.cc
 
Building target: cpu1_app.elf
Invoking: ARM v7 g++ linker
arm-none-eabi-g++ -mcpu=cortex-a9 -mfpu=vfpv3 -mfloat-abi=hard -Wl,-build-id=none -specs=Xilinx.spec -Wl,-T -Wl,../src/lscript.ld -L../../cpu1_app_bsp/ps7_cortexa9_1/lib -o "cpu1_app.elf"  ./src/display_ctrl.o ./src/main.o ./src/shared.o   -Wl,--start-group,-lxil,-lgcc,-lc,-lstdc++,--end-group
Finished building target: cpu1_app.elf
 
Invoking: ARM v7 Print Size
arm-none-eabi-size cpu1_app.elf  |tee "cpu1_app.elf.size"
   text	   data	    bss	    dec	    hex	filename
 166248	   4432	  30512	 201192	  311e8	cpu1_app.elf
Finished building: cpu1_app.elf.size
 
15:45:51 **** Incremental Build of configuration Debug for project cpu0_app ****
make pre-build main-build 
a9-linaro-pre-build-step
 
make: Nothing to be done for 'main-build'.
15:45:52 **** Incremental Build of configuration Debug for project cpu1_app ****
make pre-build main-build 
a9-linaro-pre-build-step
 
make: Nothing to be done for 'main-build'.
15:46:25 **** Incremental Build of configuration Debug for project cpu0_app ****
make pre-build main-build 
a9-linaro-pre-build-step
 
make: Nothing to be done for 'main-build'.
15:46:26 **** Incremental Build of configuration Debug for project cpu1_app ****
make pre-build main-build 
a9-linaro-pre-build-step
 
make: Nothing to be done for 'main-build'.
15:52:35 **** Auto Build of configuration Debug for project cpu1_app ****
make pre-build main-build 
a9-linaro-pre-build-step
 
Building file: ../src/main.cc
Invoking: ARM v7 g++ compiler
arm-none-eabi-g++ -D_POSIX_SOURCE -Wall -O0 -g3 -I/opt/Xilinx/Projects/visual_equalizer/visual_equalizer.sdk/OpenCV/include -I"/opt/Xilinx/Projects/visual_equalizer/visual_equalizer.sdk/shared" -c -fmessage-length=0 -MT"src/main.o" -mcpu=cortex-a9 -mfpu=vfpv3 -mfloat-abi=hard -I../../cpu1_app_bsp/ps7_cortexa9_1/include -MMD -MP -MF"src/main.d" -MT"src/main.o" -o "src/main.o" "../src/main.cc"
../src/main.cc: In function ‘int main()’:
../src/main.cc:108:25: error: ‘getroi’ was not declared in this scope
      fft_rec_mat& rec = getroi<fft_rec_mat>( framebuffs[ each_frame ], 0, each_rec*VGA_FFT_REC_WIDTH );
                         ^
../src/main.cc:108:43: error: expected primary-expression before ‘>’ token
      fft_rec_mat& rec = getroi<fft_rec_mat>( framebuffs[ each_frame ], 0, each_rec*VGA_FFT_REC_WIDTH );
                                           ^
../src/main.cc:108:69: warning: value computed is not used [-Wunused-value]
      fft_rec_mat& rec = getroi<fft_rec_mat>( framebuffs[ each_frame ], 0, each_rec*VGA_FFT_REC_WIDTH );
                                                                     ^
../src/main.cc:108:69: warning: left operand of comma operator has no effect [-Wunused-value]
../src/main.cc:33:69: warning: right operand of comma operator has no effect [-Wunused-value]
 #define VGA_FFT_REC_WIDTH    ( VGA_DISPLAY_WIDTH/VGA_FFT_REC_AMOUNT )
                                                                     ^
../src/main.cc:108:84: note: in expansion of macro ‘VGA_FFT_REC_WIDTH’
      fft_rec_mat& rec = getroi<fft_rec_mat>( framebuffs[ each_frame ], 0, each_rec*VGA_FFT_REC_WIDTH );
                                                                                    ^
src/subdir.mk:42: recipe for target 'src/main.o' failed
make: *** [src/main.o] Error 1
15:52:41 **** Auto Build of configuration Debug for project cpu1_app ****
make pre-build main-build 
a9-linaro-pre-build-step
 
Building file: ../src/main.cc
Invoking: ARM v7 g++ compiler
arm-none-eabi-g++ -D_POSIX_SOURCE -Wall -O0 -g3 -I/opt/Xilinx/Projects/visual_equalizer/visual_equalizer.sdk/OpenCV/include -I"/opt/Xilinx/Projects/visual_equalizer/visual_equalizer.sdk/shared" -c -fmessage-length=0 -MT"src/main.o" -mcpu=cortex-a9 -mfpu=vfpv3 -mfloat-abi=hard -I../../cpu1_app_bsp/ps7_cortexa9_1/include -MMD -MP -MF"src/main.d" -MT"src/main.o" -o "src/main.o" "../src/main.cc"
../src/main.cc: In function ‘int main()’:
../src/main.cc:108:12: error: ‘rec’ was not declared in this scope
      fill( rec, pix );
            ^
make: *** [src/main.o] Error 1
src/subdir.mk:42: recipe for target 'src/main.o' failed
15:52:49 **** Auto Build of configuration Debug for project cpu1_app ****
make pre-build main-build 
a9-linaro-pre-build-step
 
Building file: ../src/main.cc
Invoking: ARM v7 g++ compiler
arm-none-eabi-g++ -D_POSIX_SOURCE -Wall -O0 -g3 -I/opt/Xilinx/Projects/visual_equalizer/visual_equalizer.sdk/OpenCV/include -I"/opt/Xilinx/Projects/visual_equalizer/visual_equalizer.sdk/shared" -c -fmessage-length=0 -MT"src/main.o" -mcpu=cortex-a9 -mfpu=vfpv3 -mfloat-abi=hard -I../../cpu1_app_bsp/ps7_cortexa9_1/include -MMD -MP -MF"src/main.d" -MT"src/main.o" -o "src/main.o" "../src/main.cc"
Finished building: ../src/main.cc
 
Building target: cpu1_app.elf
Invoking: ARM v7 g++ linker
arm-none-eabi-g++ -mcpu=cortex-a9 -mfpu=vfpv3 -mfloat-abi=hard -Wl,-build-id=none -specs=Xilinx.spec -Wl,-T -Wl,../src/lscript.ld -L../../cpu1_app_bsp/ps7_cortexa9_1/lib -o "cpu1_app.elf"  ./src/display_ctrl.o ./src/main.o ./src/shared.o   -Wl,--start-group,-lxil,-lgcc,-lc,-lstdc++,--end-group
Finished building target: cpu1_app.elf
 
Invoking: ARM v7 Print Size
arm-none-eabi-size cpu1_app.elf  |tee "cpu1_app.elf.size"
   text	   data	    bss	    dec	    hex	filename
  54844	   4032	  27264	  86140	  1507c	cpu1_app.elf
Finished building: cpu1_app.elf.size
 
15:53:18 **** Auto Build of configuration Debug for project cpu1_app ****
make pre-build main-build 
a9-linaro-pre-build-step
 
Building file: ../src/main.cc
Invoking: ARM v7 g++ compiler
arm-none-eabi-g++ -D_POSIX_SOURCE -Wall -O0 -g3 -I/opt/Xilinx/Projects/visual_equalizer/visual_equalizer.sdk/OpenCV/include -I"/opt/Xilinx/Projects/visual_equalizer/visual_equalizer.sdk/shared" -c -fmessage-length=0 -MT"src/main.o" -mcpu=cortex-a9 -mfpu=vfpv3 -mfloat-abi=hard -I../../cpu1_app_bsp/ps7_cortexa9_1/include -MMD -MP -MF"src/main.d" -MT"src/main.o" -o "src/main.o" "../src/main.cc"
Finished building: ../src/main.cc
 
Building target: cpu1_app.elf
Invoking: ARM v7 g++ linker
arm-none-eabi-g++ -mcpu=cortex-a9 -mfpu=vfpv3 -mfloat-abi=hard -Wl,-build-id=none -specs=Xilinx.spec -Wl,-T -Wl,../src/lscript.ld -L../../cpu1_app_bsp/ps7_cortexa9_1/lib -o "cpu1_app.elf"  ./src/display_ctrl.o ./src/main.o ./src/shared.o   -Wl,--start-group,-lxil,-lgcc,-lc,-lstdc++,--end-group
Finished building target: cpu1_app.elf
 
Invoking: ARM v7 Print Size
arm-none-eabi-size cpu1_app.elf  |tee "cpu1_app.elf.size"
   text	   data	    bss	    dec	    hex	filename
  54844	   4032	  27264	  86140	  1507c	cpu1_app.elf
Finished building: cpu1_app.elf.size
 
15:53:31 **** Auto Build of configuration Debug for project cpu1_app ****
make pre-build main-build 
a9-linaro-pre-build-step
 
Building file: ../src/main.cc
Invoking: ARM v7 g++ compiler
arm-none-eabi-g++ -D_POSIX_SOURCE -Wall -O0 -g3 -I/opt/Xilinx/Projects/visual_equalizer/visual_equalizer.sdk/OpenCV/include -I"/opt/Xilinx/Projects/visual_equalizer/visual_equalizer.sdk/shared" -c -fmessage-length=0 -MT"src/main.o" -mcpu=cortex-a9 -mfpu=vfpv3 -mfloat-abi=hard -I../../cpu1_app_bsp/ps7_cortexa9_1/include -MMD -MP -MF"src/main.d" -MT"src/main.o" -o "src/main.o" "../src/main.cc"
Finished building: ../src/main.cc
 
Building target: cpu1_app.elf
Invoking: ARM v7 g++ linker
arm-none-eabi-g++ -mcpu=cortex-a9 -mfpu=vfpv3 -mfloat-abi=hard -Wl,-build-id=none -specs=Xilinx.spec -Wl,-T -Wl,../src/lscript.ld -L../../cpu1_app_bsp/ps7_cortexa9_1/lib -o "cpu1_app.elf"  ./src/display_ctrl.o ./src/main.o ./src/shared.o   -Wl,--start-group,-lxil,-lgcc,-lc,-lstdc++,--end-group
Finished building target: cpu1_app.elf
 
Invoking: ARM v7 Print Size
arm-none-eabi-size cpu1_app.elf  |tee "cpu1_app.elf.size"
   text	   data	    bss	    dec	    hex	filename
  54844	   4032	  27264	  86140	  1507c	cpu1_app.elf
Finished building: cpu1_app.elf.size
 
15:54:07 **** Auto Build of configuration Debug for project cpu1_app ****
make pre-build main-build 
a9-linaro-pre-build-step
 
Building file: ../src/main.cc
Invoking: ARM v7 g++ compiler
arm-none-eabi-g++ -D_POSIX_SOURCE -Wall -O0 -g3 -I/opt/Xilinx/Projects/visual_equalizer/visual_equalizer.sdk/OpenCV/include -I"/opt/Xilinx/Projects/visual_equalizer/visual_equalizer.sdk/shared" -c -fmessage-length=0 -MT"src/main.o" -mcpu=cortex-a9 -mfpu=vfpv3 -mfloat-abi=hard -I../../cpu1_app_bsp/ps7_cortexa9_1/include -MMD -MP -MF"src/main.d" -MT"src/main.o" -o "src/main.o" "../src/main.cc"
Finished building: ../src/main.cc
 
Building target: cpu1_app.elf
Invoking: ARM v7 g++ linker
arm-none-eabi-g++ -mcpu=cortex-a9 -mfpu=vfpv3 -mfloat-abi=hard -Wl,-build-id=none -specs=Xilinx.spec -Wl,-T -Wl,../src/lscript.ld -L../../cpu1_app_bsp/ps7_cortexa9_1/lib -o "cpu1_app.elf"  ./src/display_ctrl.o ./src/main.o ./src/shared.o   -Wl,--start-group,-lxil,-lgcc,-lc,-lstdc++,--end-group
Finished building target: cpu1_app.elf
 
Invoking: ARM v7 Print Size
arm-none-eabi-size cpu1_app.elf  |tee "cpu1_app.elf.size"
   text	   data	    bss	    dec	    hex	filename
  54844	   4032	  27264	  86140	  1507c	cpu1_app.elf
Finished building: cpu1_app.elf.size
 
15:54:20 **** Auto Build of configuration Debug for project cpu1_app ****
make pre-build main-build 
a9-linaro-pre-build-step
 
Building file: ../src/main.cc
Invoking: ARM v7 g++ compiler
arm-none-eabi-g++ -D_POSIX_SOURCE -Wall -O0 -g3 -I/opt/Xilinx/Projects/visual_equalizer/visual_equalizer.sdk/OpenCV/include -I"/opt/Xilinx/Projects/visual_equalizer/visual_equalizer.sdk/shared" -c -fmessage-length=0 -MT"src/main.o" -mcpu=cortex-a9 -mfpu=vfpv3 -mfloat-abi=hard -I../../cpu1_app_bsp/ps7_cortexa9_1/include -MMD -MP -MF"src/main.d" -MT"src/main.o" -o "src/main.o" "../src/main.cc"
Finished building: ../src/main.cc
 
Building target: cpu1_app.elf
Invoking: ARM v7 g++ linker
arm-none-eabi-g++ -mcpu=cortex-a9 -mfpu=vfpv3 -mfloat-abi=hard -Wl,-build-id=none -specs=Xilinx.spec -Wl,-T -Wl,../src/lscript.ld -L../../cpu1_app_bsp/ps7_cortexa9_1/lib -o "cpu1_app.elf"  ./src/display_ctrl.o ./src/main.o ./src/shared.o   -Wl,--start-group,-lxil,-lgcc,-lc,-lstdc++,--end-group
Finished building target: cpu1_app.elf
 
Invoking: ARM v7 Print Size
arm-none-eabi-size cpu1_app.elf  |tee "cpu1_app.elf.size"
   text	   data	    bss	    dec	    hex	filename
  54844	   4032	  27264	  86140	  1507c	cpu1_app.elf
Finished building: cpu1_app.elf.size
 
15:54:31 **** Auto Build of configuration Debug for project cpu1_app ****
make pre-build main-build 
a9-linaro-pre-build-step
 
Building file: ../src/main.cc
Invoking: ARM v7 g++ compiler
arm-none-eabi-g++ -D_POSIX_SOURCE -Wall -O0 -g3 -I/opt/Xilinx/Projects/visual_equalizer/visual_equalizer.sdk/OpenCV/include -I"/opt/Xilinx/Projects/visual_equalizer/visual_equalizer.sdk/shared" -c -fmessage-length=0 -MT"src/main.o" -mcpu=cortex-a9 -mfpu=vfpv3 -mfloat-abi=hard -I../../cpu1_app_bsp/ps7_cortexa9_1/include -MMD -MP -MF"src/main.d" -MT"src/main.o" -o "src/main.o" "../src/main.cc"
Finished building: ../src/main.cc
 
Building target: cpu1_app.elf
Invoking: ARM v7 g++ linker
arm-none-eabi-g++ -mcpu=cortex-a9 -mfpu=vfpv3 -mfloat-abi=hard -Wl,-build-id=none -specs=Xilinx.spec -Wl,-T -Wl,../src/lscript.ld -L../../cpu1_app_bsp/ps7_cortexa9_1/lib -o "cpu1_app.elf"  ./src/display_ctrl.o ./src/main.o ./src/shared.o   -Wl,--start-group,-lxil,-lgcc,-lc,-lstdc++,--end-group
Finished building target: cpu1_app.elf
 
Invoking: ARM v7 Print Size
arm-none-eabi-size cpu1_app.elf  |tee "cpu1_app.elf.size"
   text	   data	    bss	    dec	    hex	filename
  54844	   4032	  27264	  86140	  1507c	cpu1_app.elf
Finished building: cpu1_app.elf.size
 
15:54:55 **** Auto Build of configuration Debug for project cpu1_app ****
make pre-build main-build 
a9-linaro-pre-build-step
 
Building file: ../src/main.cc
Invoking: ARM v7 g++ compiler
arm-none-eabi-g++ -D_POSIX_SOURCE -Wall -O0 -g3 -I/opt/Xilinx/Projects/visual_equalizer/visual_equalizer.sdk/OpenCV/include -I"/opt/Xilinx/Projects/visual_equalizer/visual_equalizer.sdk/shared" -c -fmessage-length=0 -MT"src/main.o" -mcpu=cortex-a9 -mfpu=vfpv3 -mfloat-abi=hard -I../../cpu1_app_bsp/ps7_cortexa9_1/include -MMD -MP -MF"src/main.d" -MT"src/main.o" -o "src/main.o" "../src/main.cc"
Finished building: ../src/main.cc
 
Building target: cpu1_app.elf
Invoking: ARM v7 g++ linker
arm-none-eabi-g++ -mcpu=cortex-a9 -mfpu=vfpv3 -mfloat-abi=hard -Wl,-build-id=none -specs=Xilinx.spec -Wl,-T -Wl,../src/lscript.ld -L../../cpu1_app_bsp/ps7_cortexa9_1/lib -o "cpu1_app.elf"  ./src/display_ctrl.o ./src/main.o ./src/shared.o   -Wl,--start-group,-lxil,-lgcc,-lc,-lstdc++,--end-group
Finished building target: cpu1_app.elf
 
Invoking: ARM v7 Print Size
arm-none-eabi-size cpu1_app.elf  |tee "cpu1_app.elf.size"
   text	   data	    bss	    dec	    hex	filename
  54844	   4032	  27264	  86140	  1507c	cpu1_app.elf
Finished building: cpu1_app.elf.size
 
15:55:45 **** Auto Build of configuration Debug for project cpu1_app ****
make pre-build main-build 
a9-linaro-pre-build-step
 
Building file: ../src/main.cc
Invoking: ARM v7 g++ compiler
arm-none-eabi-g++ -D_POSIX_SOURCE -Wall -O0 -g3 -I/opt/Xilinx/Projects/visual_equalizer/visual_equalizer.sdk/OpenCV/include -I"/opt/Xilinx/Projects/visual_equalizer/visual_equalizer.sdk/shared" -c -fmessage-length=0 -MT"src/main.o" -mcpu=cortex-a9 -mfpu=vfpv3 -mfloat-abi=hard -I../../cpu1_app_bsp/ps7_cortexa9_1/include -MMD -MP -MF"src/main.d" -MT"src/main.o" -o "src/main.o" "../src/main.cc"
Finished building: ../src/main.cc
 
Building target: cpu1_app.elf
Invoking: ARM v7 g++ linker
arm-none-eabi-g++ -mcpu=cortex-a9 -mfpu=vfpv3 -mfloat-abi=hard -Wl,-build-id=none -specs=Xilinx.spec -Wl,-T -Wl,../src/lscript.ld -L../../cpu1_app_bsp/ps7_cortexa9_1/lib -o "cpu1_app.elf"  ./src/display_ctrl.o ./src/main.o ./src/shared.o   -Wl,--start-group,-lxil,-lgcc,-lc,-lstdc++,--end-group
Finished building target: cpu1_app.elf
 
Invoking: ARM v7 Print Size
arm-none-eabi-size cpu1_app.elf  |tee "cpu1_app.elf.size"
   text	   data	    bss	    dec	    hex	filename
  54844	   4032	  27264	  86140	  1507c	cpu1_app.elf
Finished building: cpu1_app.elf.size
 
15:56:11 **** Auto Build of configuration Debug for project cpu1_app ****
make pre-build main-build 
a9-linaro-pre-build-step
 
Building file: ../src/main.cc
Invoking: ARM v7 g++ compiler
arm-none-eabi-g++ -D_POSIX_SOURCE -Wall -O0 -g3 -I/opt/Xilinx/Projects/visual_equalizer/visual_equalizer.sdk/OpenCV/include -I"/opt/Xilinx/Projects/visual_equalizer/visual_equalizer.sdk/shared" -c -fmessage-length=0 -MT"src/main.o" -mcpu=cortex-a9 -mfpu=vfpv3 -mfloat-abi=hard -I../../cpu1_app_bsp/ps7_cortexa9_1/include -MMD -MP -MF"src/main.d" -MT"src/main.o" -o "src/main.o" "../src/main.cc"
Finished building: ../src/main.cc
 
Building target: cpu1_app.elf
Invoking: ARM v7 g++ linker
arm-none-eabi-g++ -mcpu=cortex-a9 -mfpu=vfpv3 -mfloat-abi=hard -Wl,-build-id=none -specs=Xilinx.spec -Wl,-T -Wl,../src/lscript.ld -L../../cpu1_app_bsp/ps7_cortexa9_1/lib -o "cpu1_app.elf"  ./src/display_ctrl.o ./src/main.o ./src/shared.o   -Wl,--start-group,-lxil,-lgcc,-lc,-lstdc++,--end-group
Finished building target: cpu1_app.elf
 
Invoking: ARM v7 Print Size
arm-none-eabi-size cpu1_app.elf  |tee "cpu1_app.elf.size"
   text	   data	    bss	    dec	    hex	filename
  54844	   4032	  27264	  86140	  1507c	cpu1_app.elf
Finished building: cpu1_app.elf.size
 
15:56:38 **** Auto Build of configuration Debug for project cpu1_app ****
make pre-build main-build 
a9-linaro-pre-build-step
 
Building file: ../src/main.cc
Invoking: ARM v7 g++ compiler
arm-none-eabi-g++ -D_POSIX_SOURCE -Wall -O0 -g3 -I/opt/Xilinx/Projects/visual_equalizer/visual_equalizer.sdk/OpenCV/include -I"/opt/Xilinx/Projects/visual_equalizer/visual_equalizer.sdk/shared" -c -fmessage-length=0 -MT"src/main.o" -mcpu=cortex-a9 -mfpu=vfpv3 -mfloat-abi=hard -I../../cpu1_app_bsp/ps7_cortexa9_1/include -MMD -MP -MF"src/main.d" -MT"src/main.o" -o "src/main.o" "../src/main.cc"
Finished building: ../src/main.cc
 
Building target: cpu1_app.elf
Invoking: ARM v7 g++ linker
arm-none-eabi-g++ -mcpu=cortex-a9 -mfpu=vfpv3 -mfloat-abi=hard -Wl,-build-id=none -specs=Xilinx.spec -Wl,-T -Wl,../src/lscript.ld -L../../cpu1_app_bsp/ps7_cortexa9_1/lib -o "cpu1_app.elf"  ./src/display_ctrl.o ./src/main.o ./src/shared.o   -Wl,--start-group,-lxil,-lgcc,-lc,-lstdc++,--end-group
Finished building target: cpu1_app.elf
 
Invoking: ARM v7 Print Size
arm-none-eabi-size cpu1_app.elf  |tee "cpu1_app.elf.size"
   text	   data	    bss	    dec	    hex	filename
  54844	   4032	  27264	  86140	  1507c	cpu1_app.elf
Finished building: cpu1_app.elf.size
 
15:58:21 **** Auto Build of configuration Debug for project cpu1_app ****
make pre-build main-build 
a9-linaro-pre-build-step
 
Building file: ../src/main.cc
Invoking: ARM v7 g++ compiler
arm-none-eabi-g++ -D_POSIX_SOURCE -Wall -O0 -g3 -I/opt/Xilinx/Projects/visual_equalizer/visual_equalizer.sdk/OpenCV/include -I"/opt/Xilinx/Projects/visual_equalizer/visual_equalizer.sdk/shared" -c -fmessage-length=0 -MT"src/main.o" -mcpu=cortex-a9 -mfpu=vfpv3 -mfloat-abi=hard -I../../cpu1_app_bsp/ps7_cortexa9_1/include -MMD -MP -MF"src/main.d" -MT"src/main.o" -o "src/main.o" "../src/main.cc"
../src/main.cc: In function ‘int main()’:
../src/main.cc:107:113: error: no matching function for call to ‘fill(u32*&, display_pixel&, int, int, int, int)’
      fill( frameptrs[ each_frame ], pix, 0, each_rec*VGA_FFT_REC_AMOUNT, VGA_FFT_REC_HEIGHT,  VGA_FFT_REC_WIDTH );
                                                                                                                 ^
../src/main.cc:107:113: note: candidate is:
In file included from ../src/main.cc:11:0:
/opt/Xilinx/Projects/visual_equalizer/visual_equalizer.sdk/shared/mat.h:62:7: note: template<class TYPE_, int ROWS_, int COLS_, int STRIDE_> void la::fill(la::mat<TYPE_, ROWS_, COLS_, STRIDE_>&, TYPE_&, int, int, int, int)
  void fill( mat<TYPE_,ROWS_,COLS_,STRIDE_>& mat, TYPE_& pixel,
       ^
/opt/Xilinx/Projects/visual_equalizer/visual_equalizer.sdk/shared/mat.h:62:7: note:   template argument deduction/substitution failed:
../src/main.cc:107:113: note:   mismatched types ‘la::mat<TYPE_, ROWS_, COLS_, STRIDE_>’ and ‘u32* {aka long unsigned int*}’
      fill( frameptrs[ each_frame ], pix, 0, each_rec*VGA_FFT_REC_AMOUNT, VGA_FFT_REC_HEIGHT,  VGA_FFT_REC_WIDTH );
                                                                                                                 ^
make: *** [src/main.o] Error 1
src/subdir.mk:42: recipe for target 'src/main.o' failed
15:58:39 **** Auto Build of configuration Debug for project cpu1_app ****
make pre-build main-build 
a9-linaro-pre-build-step
 
Building file: ../src/main.cc
Invoking: ARM v7 g++ compiler
arm-none-eabi-g++ -D_POSIX_SOURCE -Wall -O0 -g3 -I/opt/Xilinx/Projects/visual_equalizer/visual_equalizer.sdk/OpenCV/include -I"/opt/Xilinx/Projects/visual_equalizer/visual_equalizer.sdk/shared" -c -fmessage-length=0 -MT"src/main.o" -mcpu=cortex-a9 -mfpu=vfpv3 -mfloat-abi=hard -I../../cpu1_app_bsp/ps7_cortexa9_1/include -MMD -MP -MF"src/main.d" -MT"src/main.o" -o "src/main.o" "../src/main.cc"
Finished building: ../src/main.cc
 
Building target: cpu1_app.elf
Invoking: ARM v7 g++ linker
arm-none-eabi-g++ -mcpu=cortex-a9 -mfpu=vfpv3 -mfloat-abi=hard -Wl,-build-id=none -specs=Xilinx.spec -Wl,-T -Wl,../src/lscript.ld -L../../cpu1_app_bsp/ps7_cortexa9_1/lib -o "cpu1_app.elf"  ./src/display_ctrl.o ./src/main.o ./src/shared.o   -Wl,--start-group,-lxil,-lgcc,-lc,-lstdc++,--end-group
Finished building target: cpu1_app.elf
 
Invoking: ARM v7 Print Size
arm-none-eabi-size cpu1_app.elf  |tee "cpu1_app.elf.size"
   text	   data	    bss	    dec	    hex	filename
 166200	   4432	  30512	 201144	  311b8	cpu1_app.elf
Finished building: cpu1_app.elf.size
 
15:58:42 **** Incremental Build of configuration Debug for project cpu0_app ****
make pre-build main-build 
a9-linaro-pre-build-step
 
make: Nothing to be done for 'main-build'.
15:58:42 **** Incremental Build of configuration Debug for project cpu1_app ****
make pre-build main-build 
a9-linaro-pre-build-step
 
make: Nothing to be done for 'main-build'.
15:59:46 **** Auto Build of configuration Debug for project cpu1_app ****
make pre-build main-build 
a9-linaro-pre-build-step
 
Building file: ../src/main.cc
Invoking: ARM v7 g++ compiler
arm-none-eabi-g++ -D_POSIX_SOURCE -Wall -O0 -g3 -I/opt/Xilinx/Projects/visual_equalizer/visual_equalizer.sdk/OpenCV/include -I"/opt/Xilinx/Projects/visual_equalizer/visual_equalizer.sdk/shared" -c -fmessage-length=0 -MT"src/main.o" -mcpu=cortex-a9 -mfpu=vfpv3 -mfloat-abi=hard -I../../cpu1_app_bsp/ps7_cortexa9_1/include -MMD -MP -MF"src/main.d" -MT"src/main.o" -o "src/main.o" "../src/main.cc"
Finished building: ../src/main.cc
 
Building target: cpu1_app.elf
Invoking: ARM v7 g++ linker
arm-none-eabi-g++ -mcpu=cortex-a9 -mfpu=vfpv3 -mfloat-abi=hard -Wl,-build-id=none -specs=Xilinx.spec -Wl,-T -Wl,../src/lscript.ld -L../../cpu1_app_bsp/ps7_cortexa9_1/lib -o "cpu1_app.elf"  ./src/display_ctrl.o ./src/main.o ./src/shared.o   -Wl,--start-group,-lxil,-lgcc,-lc,-lstdc++,--end-group
Finished building target: cpu1_app.elf
 
Invoking: ARM v7 Print Size
arm-none-eabi-size cpu1_app.elf  |tee "cpu1_app.elf.size"
   text	   data	    bss	    dec	    hex	filename
 166200	   4432	  30512	 201144	  311b8	cpu1_app.elf
Finished building: cpu1_app.elf.size
 
15:59:55 **** Incremental Build of configuration Debug for project cpu0_app ****
make pre-build main-build 
a9-linaro-pre-build-step
 
make: Nothing to be done for 'main-build'.
15:59:56 **** Incremental Build of configuration Debug for project cpu1_app ****
make pre-build main-build 
a9-linaro-pre-build-step
 
make: Nothing to be done for 'main-build'.
16:01:04 **** Auto Build of configuration Debug for project cpu1_app ****
make pre-build main-build 
a9-linaro-pre-build-step
 
Building file: ../src/main.cc
Invoking: ARM v7 g++ compiler
arm-none-eabi-g++ -D_POSIX_SOURCE -Wall -O0 -g3 -I/opt/Xilinx/Projects/visual_equalizer/visual_equalizer.sdk/OpenCV/include -I"/opt/Xilinx/Projects/visual_equalizer/visual_equalizer.sdk/shared" -c -fmessage-length=0 -MT"src/main.o" -mcpu=cortex-a9 -mfpu=vfpv3 -mfloat-abi=hard -I../../cpu1_app_bsp/ps7_cortexa9_1/include -MMD -MP -MF"src/main.d" -MT"src/main.o" -o "src/main.o" "../src/main.cc"
../src/main.cc:36:27: error: ‘VGA_DISPLAT_HEIGHT’ was not declared in this scope
 typedef mat<display_pixel,VGA_DISPLAT_HEIGHT,VGA_DISPLAY_WIDTH,VGA_DISPLAY_STRIDE> display_mat;
                           ^
../src/main.cc:36:82: error: template argument 2 is invalid
 typedef mat<display_pixel,VGA_DISPLAT_HEIGHT,VGA_DISPLAY_WIDTH,VGA_DISPLAY_STRIDE> display_mat;
                                                                                  ^
../src/main.cc:36:95: error: invalid type in declaration before ‘;’ token
 typedef mat<display_pixel,VGA_DISPLAT_HEIGHT,VGA_DISPLAY_WIDTH,VGA_DISPLAY_STRIDE> display_mat;
                                                                                               ^
../src/main.cc: In function ‘int main()’:
../src/main.cc:32:33: error: ‘VGA_DISPLAT_HEIGHT’ was not declared in this scope
 #define VGA_FFT_REC_HEIGHT    ( VGA_DISPLAT_HEIGHT )
                                 ^
../src/main.cc:107:75: note: in expansion of macro ‘VGA_FFT_REC_HEIGHT’
      fill( framebuffs[ each_frame ], pix, 0, each_rec*VGA_FFT_REC_AMOUNT, VGA_FFT_REC_HEIGHT,  VGA_FFT_REC_WIDTH );
                                                                           ^
make: *** [src/main.o] Error 1
src/subdir.mk:42: recipe for target 'src/main.o' failed
16:01:09 **** Auto Build of configuration Debug for project cpu1_app ****
make pre-build main-build 
a9-linaro-pre-build-step
 
Building file: ../src/main.cc
Invoking: ARM v7 g++ compiler
arm-none-eabi-g++ -D_POSIX_SOURCE -Wall -O0 -g3 -I/opt/Xilinx/Projects/visual_equalizer/visual_equalizer.sdk/OpenCV/include -I"/opt/Xilinx/Projects/visual_equalizer/visual_equalizer.sdk/shared" -c -fmessage-length=0 -MT"src/main.o" -mcpu=cortex-a9 -mfpu=vfpv3 -mfloat-abi=hard -I../../cpu1_app_bsp/ps7_cortexa9_1/include -MMD -MP -MF"src/main.d" -MT"src/main.o" -o "src/main.o" "../src/main.cc"
../src/main.cc:36:27: error: ‘VGA_DISPLAT_HEIGHT’ was not declared in this scope
 typedef mat<display_pixel,VGA_DISPLAT_HEIGHT,VGA_DISPLAY_WIDTH,VGA_DISPLAY_STRIDE> display_mat;
                           ^
../src/main.cc:36:82: error: template argument 2 is invalid
 typedef mat<display_pixel,VGA_DISPLAT_HEIGHT,VGA_DISPLAY_WIDTH,VGA_DISPLAY_STRIDE> display_mat;
                                                                                  ^
../src/main.cc:36:95: error: invalid type in declaration before ‘;’ token
 typedef mat<display_pixel,VGA_DISPLAT_HEIGHT,VGA_DISPLAY_WIDTH,VGA_DISPLAY_STRIDE> display_mat;
                                                                                               ^
../src/main.cc: In function ‘int main()’:
../src/main.cc:107:114: error: no matching function for call to ‘fill(display_mat&, display_pixel&, int, int, int, int)’
      fill( framebuffs[ each_frame ], pix, 0, each_rec*VGA_FFT_REC_AMOUNT, VGA_FFT_REC_HEIGHT,  VGA_FFT_REC_WIDTH );
                                                                                                                  ^
../src/main.cc:107:114: note: candidate is:
In file included from ../src/main.cc:11:0:
/opt/Xilinx/Projects/visual_equalizer/visual_equalizer.sdk/shared/mat.h:62:7: note: template<class TYPE_, int ROWS_, int COLS_, int STRIDE_> void la::fill(la::mat<TYPE_, ROWS_, COLS_, STRIDE_>&, TYPE_&, int, int, int, int)
  void fill( mat<TYPE_,ROWS_,COLS_,STRIDE_>& mat, TYPE_& pixel,
       ^
/opt/Xilinx/Projects/visual_equalizer/visual_equalizer.sdk/shared/mat.h:62:7: note:   template argument deduction/substitution failed:
../src/main.cc:107:114: note:   mismatched types ‘la::mat<TYPE_, ROWS_, COLS_, STRIDE_>’ and ‘display_mat {aka int}’
      fill( framebuffs[ each_frame ], pix, 0, each_rec*VGA_FFT_REC_AMOUNT, VGA_FFT_REC_HEIGHT,  VGA_FFT_REC_WIDTH );
                                                                                                                  ^
make: *** [src/main.o] Error 1
src/subdir.mk:42: recipe for target 'src/main.o' failed
16:01:12 **** Auto Build of configuration Debug for project cpu1_app ****
make pre-build main-build 
a9-linaro-pre-build-step
 
Building file: ../src/main.cc
Invoking: ARM v7 g++ compiler
arm-none-eabi-g++ -D_POSIX_SOURCE -Wall -O0 -g3 -I/opt/Xilinx/Projects/visual_equalizer/visual_equalizer.sdk/OpenCV/include -I"/opt/Xilinx/Projects/visual_equalizer/visual_equalizer.sdk/shared" -c -fmessage-length=0 -MT"src/main.o" -mcpu=cortex-a9 -mfpu=vfpv3 -mfloat-abi=hard -I../../cpu1_app_bsp/ps7_cortexa9_1/include -MMD -MP -MF"src/main.d" -MT"src/main.o" -o "src/main.o" "../src/main.cc"
Finished building: ../src/main.cc
 
Building target: cpu1_app.elf
Invoking: ARM v7 g++ linker
arm-none-eabi-g++ -mcpu=cortex-a9 -mfpu=vfpv3 -mfloat-abi=hard -Wl,-build-id=none -specs=Xilinx.spec -Wl,-T -Wl,../src/lscript.ld -L../../cpu1_app_bsp/ps7_cortexa9_1/lib -o "cpu1_app.elf"  ./src/display_ctrl.o ./src/main.o ./src/shared.o   -Wl,--start-group,-lxil,-lgcc,-lc,-lstdc++,--end-group
Finished building target: cpu1_app.elf
 
Invoking: ARM v7 Print Size
arm-none-eabi-size cpu1_app.elf  |tee "cpu1_app.elf.size"
   text	   data	    bss	    dec	    hex	filename
 166200	   4432	  30512	 201144	  311b8	cpu1_app.elf
Finished building: cpu1_app.elf.size
 
16:02:27 **** Auto Build of configuration Debug for project cpu1_app ****
make pre-build main-build 
a9-linaro-pre-build-step
 
Building file: ../src/main.cc
Invoking: ARM v7 g++ compiler
arm-none-eabi-g++ -D_POSIX_SOURCE -Wall -O0 -g3 -I/opt/Xilinx/Projects/visual_equalizer/visual_equalizer.sdk/OpenCV/include -I"/opt/Xilinx/Projects/visual_equalizer/visual_equalizer.sdk/shared" -c -fmessage-length=0 -MT"src/main.o" -mcpu=cortex-a9 -mfpu=vfpv3 -mfloat-abi=hard -I../../cpu1_app_bsp/ps7_cortexa9_1/include -MMD -MP -MF"src/main.d" -MT"src/main.o" -o "src/main.o" "../src/main.cc"
Finished building: ../src/main.cc
 
Building target: cpu1_app.elf
Invoking: ARM v7 g++ linker
arm-none-eabi-g++ -mcpu=cortex-a9 -mfpu=vfpv3 -mfloat-abi=hard -Wl,-build-id=none -specs=Xilinx.spec -Wl,-T -Wl,../src/lscript.ld -L../../cpu1_app_bsp/ps7_cortexa9_1/lib -o "cpu1_app.elf"  ./src/display_ctrl.o ./src/main.o ./src/shared.o   -Wl,--start-group,-lxil,-lgcc,-lc,-lstdc++,--end-group
Finished building target: cpu1_app.elf
 
Invoking: ARM v7 Print Size
arm-none-eabi-size cpu1_app.elf  |tee "cpu1_app.elf.size"
   text	   data	    bss	    dec	    hex	filename
 166200	   4432	  30512	 201144	  311b8	cpu1_app.elf
Finished building: cpu1_app.elf.size
 
16:02:32 **** Incremental Build of configuration Debug for project cpu0_app ****
make pre-build main-build 
a9-linaro-pre-build-step
 
make: Nothing to be done for 'main-build'.
16:02:32 **** Incremental Build of configuration Debug for project cpu1_app ****
make pre-build main-build 
a9-linaro-pre-build-step
 
make: Nothing to be done for 'main-build'.
16:03:28 **** Auto Build of configuration Debug for project cpu1_app ****
make pre-build main-build 
a9-linaro-pre-build-step
 
Building file: ../src/main.cc
Invoking: ARM v7 g++ compiler
arm-none-eabi-g++ -D_POSIX_SOURCE -Wall -O0 -g3 -I/opt/Xilinx/Projects/visual_equalizer/visual_equalizer.sdk/OpenCV/include -I"/opt/Xilinx/Projects/visual_equalizer/visual_equalizer.sdk/shared" -c -fmessage-length=0 -MT"src/main.o" -mcpu=cortex-a9 -mfpu=vfpv3 -mfloat-abi=hard -I../../cpu1_app_bsp/ps7_cortexa9_1/include -MMD -MP -MF"src/main.d" -MT"src/main.o" -o "src/main.o" "../src/main.cc"
Finished building: ../src/main.cc
 
Building target: cpu1_app.elf
Invoking: ARM v7 g++ linker
arm-none-eabi-g++ -mcpu=cortex-a9 -mfpu=vfpv3 -mfloat-abi=hard -Wl,-build-id=none -specs=Xilinx.spec -Wl,-T -Wl,../src/lscript.ld -L../../cpu1_app_bsp/ps7_cortexa9_1/lib -o "cpu1_app.elf"  ./src/display_ctrl.o ./src/main.o ./src/shared.o   -Wl,--start-group,-lxil,-lgcc,-lc,-lstdc++,--end-group
Finished building target: cpu1_app.elf
 
Invoking: ARM v7 Print Size
arm-none-eabi-size cpu1_app.elf  |tee "cpu1_app.elf.size"
   text	   data	    bss	    dec	    hex	filename
 166200	   4432	  30512	 201144	  311b8	cpu1_app.elf
Finished building: cpu1_app.elf.size
 
16:03:32 **** Incremental Build of configuration Debug for project cpu0_app ****
make pre-build main-build 
a9-linaro-pre-build-step
 
make: Nothing to be done for 'main-build'.
16:03:32 **** Incremental Build of configuration Debug for project cpu1_app ****
make pre-build main-build 
a9-linaro-pre-build-step
 
make: Nothing to be done for 'main-build'.
16:04:44 **** Auto Build of configuration Debug for project cpu1_app ****
make pre-build main-build 
a9-linaro-pre-build-step
 
Building file: ../src/main.cc
Invoking: ARM v7 g++ compiler
arm-none-eabi-g++ -D_POSIX_SOURCE -Wall -O0 -g3 -I/opt/Xilinx/Projects/visual_equalizer/visual_equalizer.sdk/OpenCV/include -I"/opt/Xilinx/Projects/visual_equalizer/visual_equalizer.sdk/shared" -c -fmessage-length=0 -MT"src/main.o" -mcpu=cortex-a9 -mfpu=vfpv3 -mfloat-abi=hard -I../../cpu1_app_bsp/ps7_cortexa9_1/include -MMD -MP -MF"src/main.d" -MT"src/main.o" -o "src/main.o" "../src/main.cc"
../src/main.cc: In function ‘int main()’:
../src/main.cc:106:14: warning: unused variable ‘col’ [-Wunused-variable]
      uint8_t col = static_cast<uint8_t>( each_rec*255/VGA_FFT_REC_AMOUNT );
              ^
Finished building: ../src/main.cc
 
Building target: cpu1_app.elf
Invoking: ARM v7 g++ linker
arm-none-eabi-g++ -mcpu=cortex-a9 -mfpu=vfpv3 -mfloat-abi=hard -Wl,-build-id=none -specs=Xilinx.spec -Wl,-T -Wl,../src/lscript.ld -L../../cpu1_app_bsp/ps7_cortexa9_1/lib -o "cpu1_app.elf"  ./src/display_ctrl.o ./src/main.o ./src/shared.o   -Wl,--start-group,-lxil,-lgcc,-lc,-lstdc++,--end-group
Finished building target: cpu1_app.elf
 
Invoking: ARM v7 Print Size
arm-none-eabi-size cpu1_app.elf  |tee "cpu1_app.elf.size"
   text	   data	    bss	    dec	    hex	filename
 166200	   4432	  30512	 201144	  311b8	cpu1_app.elf
Finished building: cpu1_app.elf.size
 
16:04:49 **** Auto Build of configuration Debug for project cpu1_app ****
make pre-build main-build 
a9-linaro-pre-build-step
 
Building file: ../src/main.cc
Invoking: ARM v7 g++ compiler
arm-none-eabi-g++ -D_POSIX_SOURCE -Wall -O0 -g3 -I/opt/Xilinx/Projects/visual_equalizer/visual_equalizer.sdk/OpenCV/include -I"/opt/Xilinx/Projects/visual_equalizer/visual_equalizer.sdk/shared" -c -fmessage-length=0 -MT"src/main.o" -mcpu=cortex-a9 -mfpu=vfpv3 -mfloat-abi=hard -I../../cpu1_app_bsp/ps7_cortexa9_1/include -MMD -MP -MF"src/main.d" -MT"src/main.o" -o "src/main.o" "../src/main.cc"
Finished building: ../src/main.cc
 
Building target: cpu1_app.elf
Invoking: ARM v7 g++ linker
arm-none-eabi-g++ -mcpu=cortex-a9 -mfpu=vfpv3 -mfloat-abi=hard -Wl,-build-id=none -specs=Xilinx.spec -Wl,-T -Wl,../src/lscript.ld -L../../cpu1_app_bsp/ps7_cortexa9_1/lib -o "cpu1_app.elf"  ./src/display_ctrl.o ./src/main.o ./src/shared.o   -Wl,--start-group,-lxil,-lgcc,-lc,-lstdc++,--end-group
Finished building target: cpu1_app.elf
 
Invoking: ARM v7 Print Size
arm-none-eabi-size cpu1_app.elf  |tee "cpu1_app.elf.size"
   text	   data	    bss	    dec	    hex	filename
 166264	   4432	  30512	 201208	  311f8	cpu1_app.elf
Finished building: cpu1_app.elf.size
 
16:04:51 **** Incremental Build of configuration Debug for project cpu0_app ****
make pre-build main-build 
a9-linaro-pre-build-step
 
make: Nothing to be done for 'main-build'.
16:04:51 **** Incremental Build of configuration Debug for project cpu1_app ****
make pre-build main-build 
a9-linaro-pre-build-step
 
make: Nothing to be done for 'main-build'.
16:08:33 **** Auto Build of configuration Debug for project cpu1_app ****
make pre-build main-build 
a9-linaro-pre-build-step
 
Building file: ../src/main.cc
Invoking: ARM v7 g++ compiler
arm-none-eabi-g++ -D_POSIX_SOURCE -Wall -O0 -g3 -I/opt/Xilinx/Projects/visual_equalizer/visual_equalizer.sdk/OpenCV/include -I"/opt/Xilinx/Projects/visual_equalizer/visual_equalizer.sdk/shared" -c -fmessage-length=0 -MT"src/main.o" -mcpu=cortex-a9 -mfpu=vfpv3 -mfloat-abi=hard -I../../cpu1_app_bsp/ps7_cortexa9_1/include -MMD -MP -MF"src/main.d" -MT"src/main.o" -o "src/main.o" "../src/main.cc"
Finished building: ../src/main.cc
 
Building target: cpu1_app.elf
Invoking: ARM v7 g++ linker
arm-none-eabi-g++ -mcpu=cortex-a9 -mfpu=vfpv3 -mfloat-abi=hard -Wl,-build-id=none -specs=Xilinx.spec -Wl,-T -Wl,../src/lscript.ld -L../../cpu1_app_bsp/ps7_cortexa9_1/lib -o "cpu1_app.elf"  ./src/display_ctrl.o ./src/main.o ./src/shared.o   -Wl,--start-group,-lxil,-lgcc,-lc,-lstdc++,--end-group
Finished building target: cpu1_app.elf
 
Invoking: ARM v7 Print Size
arm-none-eabi-size cpu1_app.elf  |tee "cpu1_app.elf.size"
   text	   data	    bss	    dec	    hex	filename
 166264	   4432	  30512	 201208	  311f8	cpu1_app.elf
Finished building: cpu1_app.elf.size
 
16:08:49 **** Incremental Build of configuration Debug for project cpu0_app ****
make pre-build main-build 
a9-linaro-pre-build-step
 
make: Nothing to be done for 'main-build'.
16:08:49 **** Incremental Build of configuration Debug for project cpu1_app ****
make pre-build main-build 
a9-linaro-pre-build-step
 
make: Nothing to be done for 'main-build'.
16:09:55 **** Auto Build of configuration Debug for project cpu1_app ****
make pre-build main-build 
a9-linaro-pre-build-step
 
Building file: ../src/main.cc
Invoking: ARM v7 g++ compiler
arm-none-eabi-g++ -D_POSIX_SOURCE -Wall -O0 -g3 -I/opt/Xilinx/Projects/visual_equalizer/visual_equalizer.sdk/OpenCV/include -I"/opt/Xilinx/Projects/visual_equalizer/visual_equalizer.sdk/shared" -c -fmessage-length=0 -MT"src/main.o" -mcpu=cortex-a9 -mfpu=vfpv3 -mfloat-abi=hard -I../../cpu1_app_bsp/ps7_cortexa9_1/include -MMD -MP -MF"src/main.d" -MT"src/main.o" -o "src/main.o" "../src/main.cc"
Finished building: ../src/main.cc
 
Building target: cpu1_app.elf
Invoking: ARM v7 g++ linker
arm-none-eabi-g++ -mcpu=cortex-a9 -mfpu=vfpv3 -mfloat-abi=hard -Wl,-build-id=none -specs=Xilinx.spec -Wl,-T -Wl,../src/lscript.ld -L../../cpu1_app_bsp/ps7_cortexa9_1/lib -o "cpu1_app.elf"  ./src/display_ctrl.o ./src/main.o ./src/shared.o   -Wl,--start-group,-lxil,-lgcc,-lc,-lstdc++,--end-group
Finished building target: cpu1_app.elf
 
Invoking: ARM v7 Print Size
arm-none-eabi-size cpu1_app.elf  |tee "cpu1_app.elf.size"
   text	   data	    bss	    dec	    hex	filename
 166264	   4432	  30512	 201208	  311f8	cpu1_app.elf
Finished building: cpu1_app.elf.size
 
16:09:57 **** Incremental Build of configuration Debug for project cpu0_app ****
make pre-build main-build 
a9-linaro-pre-build-step
 
make: Nothing to be done for 'main-build'.
16:09:57 **** Incremental Build of configuration Debug for project cpu1_app ****
make pre-build main-build 
a9-linaro-pre-build-step
 
make: Nothing to be done for 'main-build'.
16:11:18 **** Auto Build of configuration Debug for project cpu1_app ****
make pre-build main-build 
a9-linaro-pre-build-step
 
Building file: ../src/main.cc
Invoking: ARM v7 g++ compiler
arm-none-eabi-g++ -D_POSIX_SOURCE -Wall -O0 -g3 -I/opt/Xilinx/Projects/visual_equalizer/visual_equalizer.sdk/OpenCV/include -I"/opt/Xilinx/Projects/visual_equalizer/visual_equalizer.sdk/shared" -c -fmessage-length=0 -MT"src/main.o" -mcpu=cortex-a9 -mfpu=vfpv3 -mfloat-abi=hard -I../../cpu1_app_bsp/ps7_cortexa9_1/include -MMD -MP -MF"src/main.d" -MT"src/main.o" -o "src/main.o" "../src/main.cc"
Finished building: ../src/main.cc
 
Building target: cpu1_app.elf
Invoking: ARM v7 g++ linker
arm-none-eabi-g++ -mcpu=cortex-a9 -mfpu=vfpv3 -mfloat-abi=hard -Wl,-build-id=none -specs=Xilinx.spec -Wl,-T -Wl,../src/lscript.ld -L../../cpu1_app_bsp/ps7_cortexa9_1/lib -o "cpu1_app.elf"  ./src/display_ctrl.o ./src/main.o ./src/shared.o   -Wl,--start-group,-lxil,-lgcc,-lc,-lstdc++,--end-group
Finished building target: cpu1_app.elf
 
Invoking: ARM v7 Print Size
arm-none-eabi-size cpu1_app.elf  |tee "cpu1_app.elf.size"
   text	   data	    bss	    dec	    hex	filename
 166264	   4432	  30512	 201208	  311f8	cpu1_app.elf
Finished building: cpu1_app.elf.size
 
16:11:27 **** Auto Build of configuration Debug for project cpu1_app ****
make pre-build main-build 
a9-linaro-pre-build-step
 
Building file: ../src/main.cc
Invoking: ARM v7 g++ compiler
arm-none-eabi-g++ -D_POSIX_SOURCE -Wall -O0 -g3 -I/opt/Xilinx/Projects/visual_equalizer/visual_equalizer.sdk/OpenCV/include -I"/opt/Xilinx/Projects/visual_equalizer/visual_equalizer.sdk/shared" -c -fmessage-length=0 -MT"src/main.o" -mcpu=cortex-a9 -mfpu=vfpv3 -mfloat-abi=hard -I../../cpu1_app_bsp/ps7_cortexa9_1/include -MMD -MP -MF"src/main.d" -MT"src/main.o" -o "src/main.o" "../src/main.cc"
../src/main.cc: In function ‘int main()’:
../src/main.cc:107:14: warning: unused variable ‘color_1’ [-Wunused-variable]
      uint8_t color_1 = static_cast<uint8_t>( each_rec*255/VGA_FFT_REC_AMOUNT );
              ^
Finished building: ../src/main.cc
 
Building target: cpu1_app.elf
Invoking: ARM v7 g++ linker
[...]
Invoking: ARM v7 gcc compiler
arm-none-eabi-gcc -Wall -O0 -I"/opt/Xilinx/Projects/visual_equalizer/visual_equalizer.sdk/block_design_wrapper_hw_platform_0" -c -fmessage-length=0 -MT"src/main.o" -mcpu=cortex-a9 -mfpu=vfpv3 -mfloat-abi=hard -I../../fsbl_bsp/ps7_cortexa9_0/include -MMD -MP -MF"src/main.d" -MT"src/main.o" -o "src/main.o" "../src/main.c"
Finished building: ../src/main.c
 
Building file: ../src/nand.c
Invoking: ARM v7 gcc compiler
arm-none-eabi-gcc -Wall -O0 -I"/opt/Xilinx/Projects/visual_equalizer/visual_equalizer.sdk/block_design_wrapper_hw_platform_0" -c -fmessage-length=0 -MT"src/nand.o" -mcpu=cortex-a9 -mfpu=vfpv3 -mfloat-abi=hard -I../../fsbl_bsp/ps7_cortexa9_0/include -MMD -MP -MF"src/nand.d" -MT"src/nand.o" -o "src/nand.o" "../src/nand.c"
Finished building: ../src/nand.c
 
Building file: ../src/nor.c
Invoking: ARM v7 gcc compiler
arm-none-eabi-gcc -Wall -O0 -I"/opt/Xilinx/Projects/visual_equalizer/visual_equalizer.sdk/block_design_wrapper_hw_platform_0" -c -fmessage-length=0 -MT"src/nor.o" -mcpu=cortex-a9 -mfpu=vfpv3 -mfloat-abi=hard -I../../fsbl_bsp/ps7_cortexa9_0/include -MMD -MP -MF"src/nor.d" -MT"src/nor.o" -o "src/nor.o" "../src/nor.c"
Finished building: ../src/nor.c
 
Building file: ../src/pcap.c
Invoking: ARM v7 gcc compiler
arm-none-eabi-gcc -Wall -O0 -I"/opt/Xilinx/Projects/visual_equalizer/visual_equalizer.sdk/block_design_wrapper_hw_platform_0" -c -fmessage-length=0 -MT"src/pcap.o" -mcpu=cortex-a9 -mfpu=vfpv3 -mfloat-abi=hard -I../../fsbl_bsp/ps7_cortexa9_0/include -MMD -MP -MF"src/pcap.d" -MT"src/pcap.o" -o "src/pcap.o" "../src/pcap.c"
Finished building: ../src/pcap.c
 
Building file: /opt/Xilinx/Projects/visual_equalizer/visual_equalizer.sdk/block_design_wrapper_hw_platform_0/ps7_init.c
Invoking: ARM v7 gcc compiler
arm-none-eabi-gcc -Wall -O0 -I"/opt/Xilinx/Projects/visual_equalizer/visual_equalizer.sdk/block_design_wrapper_hw_platform_0" -c -fmessage-length=0 -MT"src/ps7_init.o" -mcpu=cortex-a9 -mfpu=vfpv3 -mfloat-abi=hard -I../../fsbl_bsp/ps7_cortexa9_0/include -MMD -MP -MF"src/ps7_init.d" -MT"src/ps7_init.o" -o "src/ps7_init.o" "/opt/Xilinx/Projects/visual_equalizer/visual_equalizer.sdk/block_design_wrapper_hw_platform_0/ps7_init.c"
Finished building: /opt/Xilinx/Projects/visual_equalizer/visual_equalizer.sdk/block_design_wrapper_hw_platform_0/ps7_init.c
 
Building file: ../src/qspi.c
Invoking: ARM v7 gcc compiler
arm-none-eabi-gcc -Wall -O0 -I"/opt/Xilinx/Projects/visual_equalizer/visual_equalizer.sdk/block_design_wrapper_hw_platform_0" -c -fmessage-length=0 -MT"src/qspi.o" -mcpu=cortex-a9 -mfpu=vfpv3 -mfloat-abi=hard -I../../fsbl_bsp/ps7_cortexa9_0/include -MMD -MP -MF"src/qspi.d" -MT"src/qspi.o" -o "src/qspi.o" "../src/qspi.c"
Finished building: ../src/qspi.c
 
Building file: ../src/sd.c
Invoking: ARM v7 gcc compiler
arm-none-eabi-gcc -Wall -O0 -I"/opt/Xilinx/Projects/visual_equalizer/visual_equalizer.sdk/block_design_wrapper_hw_platform_0" -c -fmessage-length=0 -MT"src/sd.o" -mcpu=cortex-a9 -mfpu=vfpv3 -mfloat-abi=hard -I../../fsbl_bsp/ps7_cortexa9_0/include -MMD -MP -MF"src/sd.d" -MT"src/sd.o" -o "src/sd.o" "../src/sd.c"
Finished building: ../src/sd.c
 
Building target: fsbl.elf
Invoking: ARM v7 gcc linker
arm-none-eabi-gcc -L"/opt/Xilinx/Projects/visual_equalizer/visual_equalizer.sdk/fsbl/src" -mcpu=cortex-a9 -mfpu=vfpv3 -mfloat-abi=hard -Wl,-build-id=none -specs=Xilinx.spec -Wl,-T -Wl,../src/lscript.ld -L../../fsbl_bsp/ps7_cortexa9_0/lib -o "fsbl.elf"  ./src/fsbl_handoff.o ./src/fsbl_hooks.o ./src/image_mover.o ./src/main.o ./src/md5.o ./src/nand.o ./src/nor.o ./src/pcap.o ./src/ps7_init.o ./src/qspi.o ./src/rsa.o ./src/sd.o   -Wl,--start-group,-lxil,-lgcc,-lc,--end-group -Wl,--start-group,-lxilffs,-lxil,-lgcc,-lc,--end-group -Wl,--start-group,-lrsa,-lxil,-lgcc,-lc,--end-group
Finished building target: fsbl.elf
 
Invoking: ARM v7 Print Size
arm-none-eabi-size fsbl.elf  |tee "fsbl.elf.size"
   text	   data	    bss	    dec	    hex	filename
  55324	   9392	  71812	 136528	  21550	fsbl.elf
Finished building: fsbl.elf.size
 
16:44:45 **** Auto Build of configuration Debug for project cpu1_app ****
make pre-build main-build 
a9-linaro-pre-build-step
 
Building file: ../src/main.cc
Invoking: ARM v7 g++ compiler
arm-none-eabi-g++ -D_POSIX_SOURCE -Wall -O2 -g3 -I/opt/Xilinx/Projects/visual_equalizer/visual_equalizer.sdk/OpenCV/include -I"/opt/Xilinx/Projects/visual_equalizer/visual_equalizer.sdk/shared" -c -fmessage-length=0 -MT"src/main.o" -mcpu=cortex-a9 -mfpu=vfpv3 -mfloat-abi=hard -I../../cpu1_app_bsp/ps7_cortexa9_1/include -MMD -MP -MF"src/main.d" -MT"src/main.o" -o "src/main.o" "../src/main.cc"
In file included from ../src/main.cc:12:0:
/opt/Xilinx/Projects/visual_equalizer/visual_equalizer.sdk/shared/mat.h:45:19: error: ‘volatile TYPE_* la::pixel<TYPE_, SIZE_>::get()’ cannot be overloaded
   volatile TYPE_* get() { return static_cast<volatile TYPE_*>( data ); }
                   ^
/opt/Xilinx/Projects/visual_equalizer/visual_equalizer.sdk/shared/mat.h:44:10: error: with ‘TYPE_* la::pixel<TYPE_, SIZE_>::get()’
   TYPE_* get() { data; }
          ^
../src/main.cc: In function ‘int main()’:
../src/main.cc:140:70: error: passing ‘volatile display_pixel {aka volatile la::pixel<unsigned char, 4>}’ as ‘this’ argument of ‘TYPE_* la::pixel<TYPE_, SIZE_>::get() [with TYPE_ = unsigned char; int SIZE_ = 4]’ discards qualifiers [-fpermissive]
    volatile uint8_t* data_empty = fft_objs.pix_empty[ each_rec ].get();
                                                                      ^
../src/main.cc:141:68: error: passing ‘volatile display_pixel {aka volatile la::pixel<unsigned char, 4>}’ as ‘this’ argument of ‘TYPE_* la::pixel<TYPE_, SIZE_>::get() [with TYPE_ = unsigned char; int SIZE_ = 4]’ discards qualifiers [-fpermissive]
    volatile uint8_t* data_fill = fft_objs.pix_fill[ each_rec ].get();
                                                                    ^
../src/main.cc: In function ‘void fft_process_dma_s2mm_handler(void*)’:
../src/main.cc:247:61: error: passing ‘volatile display_pixel {aka volatile la::pixel<unsigned char, 4>}’ as ‘this’ argument of ‘TYPE_* la::pixel<TYPE_, SIZE_>::get() [with TYPE_ = unsigned char; int SIZE_ = 4]’ discards qualifiers [-fpermissive]
src/subdir.mk:42: recipe for target 'src/main.o' failed
    static_cast<volatile display_pixel*>(pix_empty_ptr)->get()[ 0 ] = color;
                                                             ^
In file included from ../src/main.cc:12:0:
/opt/Xilinx/Projects/visual_equalizer/visual_equalizer.sdk/shared/mat.h: In instantiation of ‘TYPE_* la::pixel<TYPE_, SIZE_>::get() [with TYPE_ = unsigned char; int SIZE_ = 4]’:
../src/main.cc:140:70:   required from here
/opt/Xilinx/Projects/visual_equalizer/visual_equalizer.sdk/shared/mat.h:44:18: warning: statement has no effect [-Wunused-value]
   TYPE_* get() { data; }
                  ^
/opt/Xilinx/Projects/visual_equalizer/visual_equalizer.sdk/shared/mat.h:44:24: warning: no return statement in function returning non-void [-Wreturn-type]
   TYPE_* get() { data; }
                        ^
make: *** [src/main.o] Error 1
16:44:56 **** Auto Build of configuration Debug for project cpu1_app ****
make pre-build main-build 
a9-linaro-pre-build-step
 
Building file: ../src/main.cc
Invoking: ARM v7 g++ compiler
arm-none-eabi-g++ -D_POSIX_SOURCE -Wall -O2 -g3 -I/opt/Xilinx/Projects/visual_equalizer/visual_equalizer.sdk/OpenCV/include -I"/opt/Xilinx/Projects/visual_equalizer/visual_equalizer.sdk/shared" -c -fmessage-length=0 -MT"src/main.o" -mcpu=cortex-a9 -mfpu=vfpv3 -mfloat-abi=hard -I../../cpu1_app_bsp/ps7_cortexa9_1/include -MMD -MP -MF"src/main.d" -MT"src/main.o" -o "src/main.o" "../src/main.cc"
In file included from ../src/main.cc:12:0:
/opt/Xilinx/Projects/visual_equalizer/visual_equalizer.sdk/shared/mat.h:45:19: error: ‘volatile TYPE_* la::pixel<TYPE_, SIZE_>::get()’ cannot be overloaded
   volatile TYPE_* get() { return static_cast<volatile TYPE_*>( data ); }
                   ^
/opt/Xilinx/Projects/visual_equalizer/visual_equalizer.sdk/shared/mat.h:44:10: error: with ‘TYPE_* la::pixel<TYPE_, SIZE_>::get()’
   TYPE_* get() { data; }
          ^
../src/main.cc: In function ‘void fft_process_dma_s2mm_handler(void*)’:
../src/main.cc:247:61: error: passing ‘volatile display_pixel {aka volatile la::pixel<unsigned char, 4>}’ as ‘this’ argument of ‘TYPE_* la::pixel<TYPE_, SIZE_>::get() [with TYPE_ = unsigned char; int SIZE_ = 4]’ discards qualifiers [-fpermissive]
    static_cast<volatile display_pixel*>(pix_empty_ptr)->get()[ 0 ] = color;
                                                             ^
In file included from ../src/main.cc:12:0:
/opt/Xilinx/Projects/visual_equalizer/visual_equalizer.sdk/shared/mat.h: In instantiation of ‘TYPE_* la::pixel<TYPE_, SIZE_>::get() [with TYPE_ = unsigned char; int SIZE_ = 4]’:
../src/main.cc:140:70:   required from here
/opt/Xilinx/Projects/visual_equalizer/visual_equalizer.sdk/shared/mat.h:44:18: warning: statement has no effect [-Wunused-value]
   TYPE_* get() { data; }
                  ^
/opt/Xilinx/Projects/visual_equalizer/visual_equalizer.sdk/shared/mat.h:44:24: warning: no return statement in function returning non-void [-Wreturn-type]
   TYPE_* get() { data; }
                        ^
src/subdir.mk:42: recipe for target 'src/main.o' failed
make: *** [src/main.o] Error 1
16:45:14 **** Auto Build of configuration Debug for project cpu1_app ****
make pre-build main-build 
a9-linaro-pre-build-step
 
Building file: ../src/main.cc
Invoking: ARM v7 g++ compiler
arm-none-eabi-g++ -D_POSIX_SOURCE -Wall -O2 -g3 -I/opt/Xilinx/Projects/visual_equalizer/visual_equalizer.sdk/OpenCV/include -I"/opt/Xilinx/Projects/visual_equalizer/visual_equalizer.sdk/shared" -c -fmessage-length=0 -MT"src/main.o" -mcpu=cortex-a9 -mfpu=vfpv3 -mfloat-abi=hard -I../../cpu1_app_bsp/ps7_cortexa9_1/include -MMD -MP -MF"src/main.d" -MT"src/main.o" -o "src/main.o" "../src/main.cc"
In file included from ../src/main.cc:12:0:
/opt/Xilinx/Projects/visual_equalizer/visual_equalizer.sdk/shared/mat.h:45:19: error: ‘volatile TYPE_* la::pixel<TYPE_, SIZE_>::get()’ cannot be overloaded
   volatile TYPE_* get() { return static_cast<volatile TYPE_*>( data ); }
                   ^
/opt/Xilinx/Projects/visual_equalizer/visual_equalizer.sdk/shared/mat.h:44:10: error: with ‘TYPE_* la::pixel<TYPE_, SIZE_>::get()’
   TYPE_* get() { data; }
          ^
../src/main.cc: In function ‘int main()’:
../src/main.cc:140:70: error: passing ‘volatile display_pixel {aka volatile la::pixel<unsigned char, 4>}’ as ‘this’ argument of ‘TYPE_* la::pixel<TYPE_, SIZE_>::get() [with TYPE_ = unsigned char; int SIZE_ = 4]’ discards qualifiers [-fpermissive]
    volatile uint8_t* data_empty = fft_objs.pix_empty[ each_rec ].get();
                                                                      ^
../src/main.cc:141:68: error: passing ‘volatile display_pixel {aka volatile la::pixel<unsigned char, 4>}’ as ‘this’ argument of ‘TYPE_* la::pixel<TYPE_, SIZE_>::get() [with TYPE_ = unsigned char; int SIZE_ = 4]’ discards qualifiers [-fpermissive]
    volatile uint8_t* data_fill = fft_objs.pix_fill[ each_rec ].get();
                                                                    ^
../src/main.cc: In function ‘void fft_process_dma_s2mm_handler(void*)’:
../src/main.cc:247:61: error: passing ‘volatile display_pixel {aka volatile la::pixel<unsigned char, 4>}’ as ‘this’ argument of ‘TYPE_* la::pixel<TYPE_, SIZE_>::get() [with TYPE_ = unsigned char; int SIZE_ = 4]’ discards qualifiers [-fpermissive]
    static_cast<volatile display_pixel*>(pix_empty_ptr)->get()[ 0 ] = color;
                                                             ^
In file included from ../src/main.cc:12:0:
/opt/Xilinx/Projects/visual_equalizer/visual_equalizer.sdk/shared/mat.h: In instantiation of ‘TYPE_* la::pixel<TYPE_, SIZE_>::get() [with TYPE_ = unsigned char; int SIZE_ = 4]’:
../src/main.cc:140:70:   required from here
/opt/Xilinx/Projects/visual_equalizer/visual_equalizer.sdk/shared/mat.h:44:18: warning: statement has no effect [-Wunused-value]
   TYPE_* get() { data; }
                  ^
/opt/Xilinx/Projects/visual_equalizer/visual_equalizer.sdk/shared/mat.h:44:24: warning: no return statement in function returning non-void [-Wreturn-type]
   TYPE_* get() { data; }
                        ^
make: *** [src/main.o] Error 1
src/subdir.mk:42: recipe for target 'src/main.o' failed
16:45:18 **** Auto Build of configuration Debug for project cpu1_app ****
make pre-build main-build 
a9-linaro-pre-build-step
 
Building file: ../src/main.cc
Invoking: ARM v7 g++ compiler
arm-none-eabi-g++ -D_POSIX_SOURCE -Wall -O2 -g3 -I/opt/Xilinx/Projects/visual_equalizer/visual_equalizer.sdk/OpenCV/include -I"/opt/Xilinx/Projects/visual_equalizer/visual_equalizer.sdk/shared" -c -fmessage-length=0 -MT"src/main.o" -mcpu=cortex-a9 -mfpu=vfpv3 -mfloat-abi=hard -I../../cpu1_app_bsp/ps7_cortexa9_1/include -MMD -MP -MF"src/main.d" -MT"src/main.o" -o "src/main.o" "../src/main.cc"
Finished building: ../src/main.cc
 
Building target: cpu1_app.elf
Invoking: ARM v7 g++ linker
arm-none-eabi-g++ -mcpu=cortex-a9 -mfpu=vfpv3 -mfloat-abi=hard -Wl,-build-id=none -specs=Xilinx.spec -Wl,-T -Wl,../src/lscript.ld -L../../cpu1_app_bsp/ps7_cortexa9_1/lib -o "cpu1_app.elf"  ./src/display_ctrl.o ./src/main.o ./src/shared.o   -Wl,--start-group,-lxil,-lgcc,-lc,-lstdc++,--end-group
Finished building target: cpu1_app.elf
 
Invoking: ARM v7 Print Size
arm-none-eabi-size cpu1_app.elf  |tee "cpu1_app.elf.size"
   text	   data	    bss	    dec	    hex	filename
 161768	   4440	  32560	 198768	  30870	cpu1_app.elf
Finished building: cpu1_app.elf.size
 
16:46:08 **** Clean-only build of configuration Debug for project cpu0_app ****
make clean 
rm -rf  ./src/main.d  ./src/audio.o ./src/main.o ./src/shared.o  ./src/audio.d  ./src/shared.d  cpu0_app.elf.size  cpu0_app.elf
 
16:46:08 **** Incremental Build of configuration Debug for project cpu0_app ****
make pre-build main-build 
a9-linaro-pre-build-step
 
Building file: /opt/Xilinx/Projects/visual_equalizer/visual_equalizer.sdk/shared/audio.c
Invoking: ARM v7 g++ compiler
arm-none-eabi-g++ -Wall -O2 -I"/opt/Xilinx/Projects/visual_equalizer/visual_equalizer.sdk/shared" -c -fmessage-length=0 -MT"src/audio.o" -mcpu=cortex-a9 -mfpu=vfpv3 -mfloat-abi=hard -I../../cpu0_app_bsp/ps7_cortexa9_0/include -MMD -MP -MF"src/audio.d" -MT"src/audio.o" -o "src/audio.o" "/opt/Xilinx/Projects/visual_equalizer/visual_equalizer.sdk/shared/audio.c"
Finished building: /opt/Xilinx/Projects/visual_equalizer/visual_equalizer.sdk/shared/audio.c
 
Building file: ../src/main.cc
Invoking: ARM v7 g++ compiler
arm-none-eabi-g++ -Wall -O2 -I"/opt/Xilinx/Projects/visual_equalizer/visual_equalizer.sdk/shared" -c -fmessage-length=0 -MT"src/main.o" -mcpu=cortex-a9 -mfpu=vfpv3 -mfloat-abi=hard -I../../cpu0_app_bsp/ps7_cortexa9_0/include -MMD -MP -MF"src/main.d" -MT"src/main.o" -o "src/main.o" "../src/main.cc"
In file included from ../../cpu0_app_bsp/ps7_cortexa9_0/include/xstatus.h:53:0,
                 from ../../cpu0_app_bsp/ps7_cortexa9_0/include/xscugic.h:162,
                 from ../src/main.cc:6:
../../cpu0_app_bsp/ps7_cortexa9_0/include/xil_assert.h: In function ‘void audio_i2c_trans_def(audio_dir, uint8_t, uint8_t*, size_t, void*)’:
../../cpu0_app_bsp/ps7_cortexa9_0/include/xil_assert.h:99:5: warning: ‘Status’ may be used uninitialized in this function [-Wmaybe-uninitialized]
     if (Expression) {                              \
     ^
../src/main.cc:449:6: note: ‘Status’ was declared here
  int Status;
      ^
Finished building: ../src/main.cc
 
Building file: /opt/Xilinx/Projects/visual_equalizer/visual_equalizer.sdk/shared/shared.cpp
Invoking: ARM v7 g++ compiler
arm-none-eabi-g++ -Wall -O2 -I"/opt/Xilinx/Projects/visual_equalizer/visual_equalizer.sdk/shared" -c -fmessage-length=0 -MT"src/shared.o" -mcpu=cortex-a9 -mfpu=vfpv3 -mfloat-abi=hard -I../../cpu0_app_bsp/ps7_cortexa9_0/include -MMD -MP -MF"src/shared.d" -MT"src/shared.o" -o "src/shared.o" "/opt/Xilinx/Projects/visual_equalizer/visual_equalizer.sdk/shared/shared.cpp"
Finished building: /opt/Xilinx/Projects/visual_equalizer/visual_equalizer.sdk/shared/shared.cpp
 
Building target: cpu0_app.elf
Invoking: ARM v7 g++ linker
arm-none-eabi-g++ -mcpu=cortex-a9 -mfpu=vfpv3 -mfloat-abi=hard -Wl,-build-id=none -specs=Xilinx.spec -Wl,-T -Wl,../src/lscript.ld -L../../cpu0_app_bsp/ps7_cortexa9_0/lib -o "cpu0_app.elf"  ./src/audio.o ./src/main.o ./src/shared.o   -Wl,--start-group,-lxil,-lgcc,-lc,-lstdc++,--end-group
Finished building target: cpu0_app.elf
 
Invoking: ARM v7 Print Size
arm-none-eabi-size cpu0_app.elf  |tee "cpu0_app.elf.size"
   text	   data	    bss	    dec	    hex	filename
  60496	   3952	  27008	  91456	  16540	cpu0_app.elf
Finished building: cpu0_app.elf.size
 
16:46:09 **** Incremental Build of configuration Debug for project cpu1_app ****
make pre-build main-build 
a9-linaro-pre-build-step
 
make: Nothing to be done for 'main-build'.
21:12:33 **** Auto Build of configuration Debug for project cpu1_app ****
make pre-build main-build 
a9-linaro-pre-build-step
 
Building file: ../src/main.cc
Invoking: ARM v7 g++ compiler
arm-none-eabi-g++ -D_POSIX_SOURCE -Wall -O2 -g3 -I/opt/Xilinx/Projects/visual_equalizer/visual_equalizer.sdk/OpenCV/include -I"/opt/Xilinx/Projects/visual_equalizer/visual_equalizer.sdk/shared" -c -fmessage-length=0 -MT"src/main.o" -mcpu=cortex-a9 -mfpu=vfpv3 -mfloat-abi=hard -I../../cpu1_app_bsp/ps7_cortexa9_1/include -MMD -MP -MF"src/main.d" -MT"src/main.o" -o "src/main.o" "../src/main.cc"
Finished building: ../src/main.cc
 
Building target: cpu1_app.elf
Invoking: ARM v7 g++ linker
arm-none-eabi-g++ -mcpu=cortex-a9 -mfpu=vfpv3 -mfloat-abi=hard -Wl,-build-id=none -specs=Xilinx.spec -Wl,-T -Wl,../src/lscript.ld -L../../cpu1_app_bsp/ps7_cortexa9_1/lib -o "cpu1_app.elf"  ./src/display_ctrl.o ./src/main.o ./src/shared.o   -Wl,--start-group,-lxil,-lgcc,-lc,-lstdc++,--end-group
Finished building target: cpu1_app.elf
 
Invoking: ARM v7 Print Size
arm-none-eabi-size cpu1_app.elf  |tee "cpu1_app.elf.size"
   text	   data	    bss	    dec	    hex	filename
 161768	   4440	  32560	 198768	  30870	cpu1_app.elf
Finished building: cpu1_app.elf.size
 
21:14:57 **** Auto Build of configuration Debug for project cpu0_app ****
make pre-build main-build 
a9-linaro-pre-build-step
 
Building file: ../src/main.cc
Invoking: ARM v7 g++ compiler
arm-none-eabi-g++ -Wall -O2 -I"/opt/Xilinx/Projects/visual_equalizer/visual_equalizer.sdk/shared" -c -fmessage-length=0 -MT"src/main.o" -mcpu=cortex-a9 -mfpu=vfpv3 -mfloat-abi=hard -I../../cpu0_app_bsp/ps7_cortexa9_0/include -MMD -MP -MF"src/main.d" -MT"src/main.o" -o "src/main.o" "../src/main.cc"
In file included from ../../cpu0_app_bsp/ps7_cortexa9_0/include/xstatus.h:53:0,
                 from ../../cpu0_app_bsp/ps7_cortexa9_0/include/xscugic.h:162,
                 from ../src/main.cc:7:
../../cpu0_app_bsp/ps7_cortexa9_0/include/xil_assert.h: In function ‘void audio_i2c_trans_def(audio_dir, uint8_t, uint8_t*, size_t, void*)’:
../../cpu0_app_bsp/ps7_cortexa9_0/include/xil_assert.h:99:5: warning: ‘Status’ may be used uninitialized in this function [-Wmaybe-uninitialized]
     if (Expression) {                              \
     ^
../src/main.cc:450:6: note: ‘Status’ was declared here
  int Status;
      ^
Finished building: ../src/main.cc
 
Building target: cpu0_app.elf
Invoking: ARM v7 g++ linker
arm-none-eabi-g++ -mcpu=cortex-a9 -mfpu=vfpv3 -mfloat-abi=hard -Wl,-build-id=none -specs=Xilinx.spec -Wl,-T -Wl,../src/lscript.ld -L../../cpu0_app_bsp/ps7_cortexa9_0/lib -o "cpu0_app.elf"  ./src/audio.o ./src/main.o ./src/shared.o   -Wl,--start-group,-lxil,-lgcc,-lc,-lstdc++,--end-group
Finished building target: cpu0_app.elf
 
Invoking: ARM v7 Print Size
arm-none-eabi-size cpu0_app.elf  |tee "cpu0_app.elf.size"
   text	   data	    bss	    dec	    hex	filename
  60496	   3952	  27008	  91456	  16540	cpu0_app.elf
Finished building: cpu0_app.elf.size
 
